Archive member included to satisfy reference by file (symbol)

/home/yogi/src/osdevlibc/osdevlibc-read-only/libosdevc.a(stdio.c.o)
                              build/Debug/GNU-Linux-x86/src/host.o (sprintf)
/home/yogi/src/osdevlibc/osdevlibc-read-only/libosdevc.a(stdlib.c.o)
                              /home/yogi/src/osdevlibc/osdevlibc-read-only/libosdevc.a(stdio.c.o) (atoi)
/home/yogi/src/osdevlibc/osdevlibc-read-only/libosdevc.a(string.c.o)
                              /home/yogi/src/osdevlibc/osdevlibc-read-only/libosdevc.a(stdio.c.o) (memmove)

Allocating common symbols
Common symbol       size              file

HostScancode        0x1               build/Debug/GNU-Linux-x86/src/host.o
guest               0x1c              build/Debug/GNU-Linux-x86/src/0-visor_main.o
lTempSource         0x4               build/Debug/GNU-Linux-x86/src/guest.o
host                0x8               build/Debug/GNU-Linux-x86/src/0-visor_main.o
HostTimerTicks      0x8               build/Debug/GNU-Linux-x86/src/host.o
VMCBFinalAddress    0x4               build/Debug/GNU-Linux-x86/src/host.o
GuestRegisters      0x38              build/Debug/GNU-Linux-x86/src/0-visor_main.o
lTempDest           0x4               build/Debug/GNU-Linux-x86/src/guest.o
_exc_IP             0x2               build/Debug/GNU-Linux-x86/src/0-visor_main.o
_exc_CS             0x2               build/Debug/GNU-Linux-x86/src/0-visor_main.o
vhost               0x44              build/Debug/GNU-Linux-x86/src/0-visor_main.o
HostRegisters       0x38              build/Debug/GNU-Linux-x86/src/host.o

Discarded input sections

 .comment       0x0000000000000000       0x35 build/Debug/GNU-Linux-x86/src/0-visor_main.o
 .note.GNU-stack
                0x0000000000000000        0x0 build/Debug/GNU-Linux-x86/src/0-visor_main.o
 .comment       0x0000000000000000       0x35 build/Debug/GNU-Linux-x86/src/guest.o
 .note.GNU-stack
                0x0000000000000000        0x0 build/Debug/GNU-Linux-x86/src/guest.o
 .comment       0x0000000000000000       0x35 build/Debug/GNU-Linux-x86/src/host.o
 .note.GNU-stack
                0x0000000000000000        0x0 build/Debug/GNU-Linux-x86/src/host.o
 .comment       0x0000000000000000       0x35 build/Debug/GNU-Linux-x86/src/pmode.o
 .note.GNU-stack
                0x0000000000000000        0x0 build/Debug/GNU-Linux-x86/src/pmode.o
 .comment       0x0000000000000000       0x35 build/Debug/GNU-Linux-x86/src/pmode_screen.o
 .note.GNU-stack
                0x0000000000000000        0x0 build/Debug/GNU-Linux-x86/src/pmode_screen.o
 .comment       0x0000000000000000       0x35 build/Debug/GNU-Linux-x86/src/utility.o
 .note.GNU-stack
                0x0000000000000000        0x0 build/Debug/GNU-Linux-x86/src/utility.o
 .comment       0x0000000000000000       0x35 build/Debug/GNU-Linux-x86/src/x86.o
 .note.GNU-stack
                0x0000000000000000        0x0 build/Debug/GNU-Linux-x86/src/x86.o
 .comment       0x0000000000000000       0x2b /home/yogi/src/osdevlibc/osdevlibc-read-only/libosdevc.a(stdio.c.o)
 .note.GNU-stack
                0x0000000000000000        0x0 /home/yogi/src/osdevlibc/osdevlibc-read-only/libosdevc.a(stdio.c.o)
 .comment       0x0000000000000000       0x2b /home/yogi/src/osdevlibc/osdevlibc-read-only/libosdevc.a(stdlib.c.o)
 .note.GNU-stack
                0x0000000000000000        0x0 /home/yogi/src/osdevlibc/osdevlibc-read-only/libosdevc.a(stdlib.c.o)
 .comment       0x0000000000000000       0x2b /home/yogi/src/osdevlibc/osdevlibc-read-only/libosdevc.a(string.c.o)
 .note.GNU-stack
                0x0000000000000000        0x0 /home/yogi/src/osdevlibc/osdevlibc-read-only/libosdevc.a(string.c.o)

Memory Configuration

Name             Origin             Length             Attributes
*default*        0x0000000000000000 0xffffffffffffffff

Linker script and memory map

LOAD build/Debug/GNU-Linux-x86/src/0-visor_main.o
LOAD build/Debug/GNU-Linux-x86/src/guest.o
LOAD build/Debug/GNU-Linux-x86/src/host.o
LOAD build/Debug/GNU-Linux-x86/src/isr_wrapper.o
LOAD build/Debug/GNU-Linux-x86/src/pmode.o
LOAD build/Debug/GNU-Linux-x86/src/pmode_screen.o
LOAD build/Debug/GNU-Linux-x86/src/utility.o
LOAD build/Debug/GNU-Linux-x86/src/x86.o
                0x0000000000000000                . = 0x0

.text           0x0000000000000000     0x7725 load address 0x0000000000000200
                0x0000000000000000                _text = .
 *(.text)
 .text          0x0000000000000000      0x4e0 build/Debug/GNU-Linux-x86/src/0-visor_main.o
                0x0000000000000002                main
 .text          0x00000000000004e0     0x2200 build/Debug/GNU-Linux-x86/src/guest.o
                0x00000000000004e0                getLinearCSEIP
                0x000000000000050b                IncrementGuestIP
                0x0000000000000551                SetupGuestBootMemory
                0x000000000000060c                DoGuestPageLookup
                0x000000000000071b                DoNestedPageLookup
                0x00000000000007d3                CaptureInterruptDetails
                0x00000000000008a5                HandleRealModeSWInterrupt
                0x0000000000000e02                PopCSIPFlagsOffGuestStackReal16
                0x0000000000000f3e                HandleInterrutpReturn
                0x0000000000000f4c                HandleCR0Write
                0x000000000000127f                HandleCR0Read
                0x000000000000132a                SetGPRValue
                0x00000000000015b1                GetGPRValue
                0x00000000000017e0                HandleCR3Write
                0x0000000000001890                HandleCR3Read
                0x0000000000001903                GetGuestMODRegGenRegValue
                0x0000000000001b2a                SetGuestMODRegGenRegValue
                0x0000000000001dcd                HandleGuestIO
                0x0000000000002255                InitializeGuest
                0x0000000000002546                SetIOIOPort
                0x00000000000025e5                GetIOIOPort
                0x0000000000002641                HandleGuestPagingException
                0x00000000000026bd                HandleGuestCPUID
 .text          0x00000000000026e0     0x3373 build/Debug/GNU-Linux-x86/src/host.o
                0x00000000000026e0                host_isr_handler
                0x00000000000029ae                host_paging_handler
                0x00000000000029ca                timer_handler
                0x00000000000029e1                kbd_handler
                0x00000000000029fa                setup_IDT_entry
                0x0000000000002a67                SetupHostIDT
                0x0000000000002e9a                UpdatePDEntry
                0x0000000000002edc                ProcessVMRunResults
                0x0000000000003da7                DoVisor
                0x0000000000003ef2                InfiniteLoop
                0x00000000000040ba                SetupHostPaging
                0x000000000000423a                RelocateMyself
                0x00000000000042c8                SaveHostBIOS
                0x0000000000004336                PrintHostInformation
                0x00000000000048e3                DumpVMCB
                0x000000000000577e                PrintE820Data
 *fill*         0x0000000000005a53        0x1 
 .text          0x0000000000005a54      0x1e3 build/Debug/GNU-Linux-x86/src/isr_wrapper.o
                0x0000000000005a54                _isr_common
                0x0000000000005aab                _isr_00_wrapper
                0x0000000000005ab3                _isr_01_wrapper
                0x0000000000005abb                _isr_02_wrapper
                0x0000000000005ac3                _isr_03_wrapper
                0x0000000000005acb                _isr_04_wrapper
                0x0000000000005ad3                _isr_05_wrapper
                0x0000000000005ade                _isr_06_wrapper
                0x0000000000005ae9                _isr_07_wrapper
                0x0000000000005af4                _isr_08_wrapper
                0x0000000000005afc                _isr_09_wrapper
                0x0000000000005b04                _isr_0A_wrapper
                0x0000000000005b0f                _isr_0B_wrapper
                0x0000000000005b1a                _isr_0C_wrapper
                0x0000000000005b25                _isr_0D_wrapper
                0x0000000000005b30                _isr_0E_wrapper
                0x0000000000005b3f                _isr_0F_wrapper
                0x0000000000005b4a                _isr_10_wrapper
                0x0000000000005b55                _isr_11_wrapper
                0x0000000000005b60                _isr_12_wrapper
                0x0000000000005b6b                _isr_13_wrapper
                0x0000000000005b76                _isr_14_wrapper
                0x0000000000005b81                _isr_15_wrapper
                0x0000000000005b8c                _isr_16_wrapper
                0x0000000000005b97                _isr_17_wrapper
                0x0000000000005ba2                _isr_18_wrapper
                0x0000000000005bad                _isr_19_wrapper
                0x0000000000005bb8                _isr_1A_wrapper
                0x0000000000005bc3                _isr_1B_wrapper
                0x0000000000005bce                _isr_1C_wrapper
                0x0000000000005bd9                _isr_1D_wrapper
                0x0000000000005be4                _isr_1E_wrapper
                0x0000000000005bef                _isr_1F_wrapper
                0x0000000000005bfa                _isr_20_wrapper
                0x0000000000005c02                _isr_21_wrapper
                0x0000000000005c2a                _exception_number
                0x0000000000005c2c                _ltr
 .text          0x0000000000005c37       0x82 build/Debug/GNU-Linux-x86/src/pmode.o
                0x0000000000005c37                setup_GDT32_entry_gcc
 .text          0x0000000000005cb9      0x2e7 build/Debug/GNU-Linux-x86/src/pmode_screen.o
                0x0000000000005d50                monitor_put
                0x0000000000005e60                clrscr
                0x0000000000005ecf                println
                0x0000000000005efd                print
                0x0000000000005f47                movecursor
                0x0000000000005f62                printAt
                0x0000000000005f83                cursorX
                0x0000000000005f96                cursorY
 .text          0x0000000000005fa0      0x61d build/Debug/GNU-Linux-x86/src/utility.o
                0x0000000000005fa0                RetrieveStartModuleDiskCHSValues
                0x0000000000005fdb                CopyMemory
                0x0000000000005ff4                ZeroMemory
                0x000000000000600c                outb
                0x0000000000006046                outw
                0x0000000000006067                outd
                0x000000000000607f                inb
                0x000000000000609c                inw
                0x00000000000060bb                ind
                0x00000000000060d7                rdmsr
                0x00000000000060f2                SVMCanBeEnabled
                0x000000000000617d                FatalError
                0x000000000000618a                GetMemB
                0x00000000000061d1                GetMemW
                0x000000000000621c                GetMemD
                0x0000000000006265                SetMemB
                0x00000000000062ae                SetMemW
                0x00000000000062fa                SetMemD
                0x000000000000633c                Itoa
                0x000000000000641c                setup_pit_channel_0
                0x0000000000006479                cpu_write_msr
                0x00000000000064ac                cpu_read_msr
                0x00000000000064f6                printd
                0x0000000000006529                init_serial
 .text          0x00000000000065bd       0x6a build/Debug/GNU-Linux-x86/src/x86.o
                0x00000000000065bd                setHostSegReg
 *fill*         0x0000000000006627        0x1 
 .text          0x0000000000006628      0x642 /home/yogi/src/osdevlibc/osdevlibc-read-only/libosdevc.a(stdio.c.o)
                0x0000000000006628                snprintf
                0x000000000000665f                sprintf
                0x000000000000668f                sscanf
                0x00000000000066bf                vsnprintf
                0x0000000000006c3c                vsprintf
                0x0000000000006c65                vsscanf
 *fill*         0x0000000000006c6a        0x2 
 .text          0x0000000000006c6c      0x32a /home/yogi/src/osdevlibc/osdevlibc-read-only/libosdevc.a(stdlib.c.o)
                0x0000000000006c6c                atoi
                0x0000000000006cf9                atol
                0x0000000000006d86                atoll
                0x0000000000006e39                rand
                0x0000000000006e7c                srand
                0x0000000000006e89                abs
                0x0000000000006e9d                labs
                0x0000000000006eb1                llabs
                0x0000000000006ee5                div
                0x0000000000006f1e                ldiv
                0x0000000000006f57                lldiv
 *fill*         0x0000000000006f96        0x2 
 .text          0x0000000000006f98      0x78d /home/yogi/src/osdevlibc/osdevlibc-read-only/libosdevc.a(string.c.o)
                0x0000000000006f98                memcpy
                0x0000000000006fea                memmove
                0x000000000000703e                strcpy
                0x0000000000007083                strncpy
                0x000000000000710f                strcat
                0x0000000000007152                strncat
                0x00000000000071f8                memcmp
                0x0000000000007253                strcmp
                0x00000000000072f5                strncmp
                0x0000000000007316                memchr
                0x000000000000734b                strchr
                0x0000000000007390                strcspn
                0x00000000000073e5                strpbrk
                0x0000000000007458                strrchr
                0x00000000000074b5                strspn
                0x0000000000007535                strstr
                0x00000000000075ba                strtok
                0x0000000000007654                memset
                0x00000000000076da                strlen
                0x0000000000007725                _text_end = .

.eh_frame       0x0000000000007728     0x1000 load address 0x0000000000007928
 .eh_frame      0x0000000000007728       0x50 build/Debug/GNU-Linux-x86/src/0-visor_main.o
 .eh_frame      0x0000000000007778      0x35c build/Debug/GNU-Linux-x86/src/guest.o
 .eh_frame      0x0000000000007ad4      0x224 build/Debug/GNU-Linux-x86/src/host.o
 .eh_frame      0x0000000000007cf8       0x38 build/Debug/GNU-Linux-x86/src/pmode.o
 .eh_frame      0x0000000000007d30      0x158 build/Debug/GNU-Linux-x86/src/pmode_screen.o
 .eh_frame      0x0000000000007e88      0x334 build/Debug/GNU-Linux-x86/src/utility.o
 .eh_frame      0x00000000000081bc       0x38 build/Debug/GNU-Linux-x86/src/x86.o
 .eh_frame      0x00000000000081f4       0xe0 /home/yogi/src/osdevlibc/osdevlibc-read-only/libosdevc.a(stdio.c.o)
 .eh_frame      0x00000000000082d4      0x180 /home/yogi/src/osdevlibc/osdevlibc-read-only/libosdevc.a(stdlib.c.o)
 .eh_frame      0x0000000000008454      0x2d4 /home/yogi/src/osdevlibc/osdevlibc-read-only/libosdevc.a(string.c.o)

.data           0x0000000000008740      0xb38 load address 0x0000000000008940
                0x0000000000008740                _data = .
 *(.bss)
 .bss           0x0000000000008740        0x4 build/Debug/GNU-Linux-x86/src/0-visor_main.o
                0x0000000000008740                fatalErrorNum
 .bss           0x0000000000008744        0xc build/Debug/GNU-Linux-x86/src/guest.o
                0x0000000000008744                IntDetailsPtr
 .bss           0x0000000000008750       0x10 build/Debug/GNU-Linux-x86/src/host.o
                0x0000000000008750                gInterceptCode
                0x0000000000008758                InterceptCount
 .bss           0x0000000000008760        0x0 build/Debug/GNU-Linux-x86/src/isr_wrapper.o
 .bss           0x0000000000008760        0x0 build/Debug/GNU-Linux-x86/src/pmode.o
 .bss           0x0000000000008760        0xc build/Debug/GNU-Linux-x86/src/pmode_screen.o
                0x0000000000008760                cursorLocation
                0x0000000000008764                cursor_x
                0x0000000000008768                cursor_y
 .bss           0x000000000000876c        0x4 build/Debug/GNU-Linux-x86/src/utility.o
                0x000000000000876c                GuestMemOffset
 .bss           0x0000000000008770        0x0 build/Debug/GNU-Linux-x86/src/x86.o
 .bss           0x0000000000008770        0x0 /home/yogi/src/osdevlibc/osdevlibc-read-only/libosdevc.a(stdio.c.o)
 .bss           0x0000000000008770        0x0 /home/yogi/src/osdevlibc/osdevlibc-read-only/libosdevc.a(stdlib.c.o)
 .bss           0x0000000000008770        0x4 /home/yogi/src/osdevlibc/osdevlibc-read-only/libosdevc.a(string.c.o)
 *(.bss*)
 *(.data)
 .data          0x0000000000008774        0x0 build/Debug/GNU-Linux-x86/src/0-visor_main.o
 .data          0x0000000000008774        0x4 build/Debug/GNU-Linux-x86/src/guest.o
                0x0000000000008774                IntDetails
 *fill*         0x0000000000008778        0x8 
 .data          0x0000000000008780       0x34 build/Debug/GNU-Linux-x86/src/host.o
                0x0000000000008780                HostExceptMsg
 .data          0x00000000000087b4        0x0 build/Debug/GNU-Linux-x86/src/isr_wrapper.o
 .data          0x00000000000087b4        0x0 build/Debug/GNU-Linux-x86/src/pmode.o
 .data          0x00000000000087b4        0x0 build/Debug/GNU-Linux-x86/src/pmode_screen.o
 *fill*         0x00000000000087b4        0xc 
 .data          0x00000000000087c0       0x25 build/Debug/GNU-Linux-x86/src/utility.o
 .data          0x00000000000087e5        0x0 build/Debug/GNU-Linux-x86/src/x86.o
 *fill*         0x00000000000087e5        0x3 
 .data          0x00000000000087e8        0x0 /home/yogi/src/osdevlibc/osdevlibc-read-only/libosdevc.a(stdio.c.o)
 .data          0x00000000000087e8        0x4 /home/yogi/src/osdevlibc/osdevlibc-read-only/libosdevc.a(stdlib.c.o)
 .data          0x00000000000087ec        0x0 /home/yogi/src/osdevlibc/osdevlibc-read-only/libosdevc.a(string.c.o)
 *(.rodata*)
 .rodata        0x00000000000087ec       0xd6 build/Debug/GNU-Linux-x86/src/0-visor_main.o
 *fill*         0x00000000000088c2        0x2 
 .rodata        0x00000000000088c4       0x9c build/Debug/GNU-Linux-x86/src/guest.o
 .rodata        0x0000000000008960      0x67b build/Debug/GNU-Linux-x86/src/host.o
 *fill*         0x0000000000008fdb        0x1 
 .rodata        0x0000000000008fdc      0x164 /home/yogi/src/osdevlibc/osdevlibc-read-only/libosdevc.a(stdio.c.o)
 *(COMMON)
 COMMON         0x0000000000009140       0xc4 build/Debug/GNU-Linux-x86/src/0-visor_main.o
                0x0000000000009140                guest
                0x000000000000915c                host
                0x0000000000009180                GuestRegisters
                0x00000000000091b8                _exc_IP
                0x00000000000091ba                _exc_CS
                0x00000000000091c0                vhost
 COMMON         0x0000000000009204        0x8 build/Debug/GNU-Linux-x86/src/guest.o
                0x0000000000009204                lTempSource
                0x0000000000009208                lTempDest
 *fill*         0x000000000000920c       0x14 
 COMMON         0x0000000000009220       0x58 build/Debug/GNU-Linux-x86/src/host.o
                0x0000000000009220                HostScancode
                0x0000000000009228                HostTimerTicks
                0x0000000000009230                VMCBFinalAddress
                0x0000000000009240                HostRegisters
                0x0000000000009278                _data_end = .

/DISCARD/
 *(.note*)
 *(.iplt*)
 *(.igot*)
 *(.rel*)
 *(.comment)
LOAD /home/yogi/src/osdevlibc/osdevlibc-read-only/libosdevc.a
OUTPUT(dist/Debug/GNU-Linux-x86/bmvisor binary)

.debug_info     0x0000000000000000     0x70ef
 .debug_info    0x0000000000000000      0xb74 build/Debug/GNU-Linux-x86/src/0-visor_main.o
 .debug_info    0x0000000000000b74     0x1256 build/Debug/GNU-Linux-x86/src/guest.o
 .debug_info    0x0000000000001dca     0x13a9 build/Debug/GNU-Linux-x86/src/host.o
 .debug_info    0x0000000000003173       0x60 build/Debug/GNU-Linux-x86/src/isr_wrapper.o
 .debug_info    0x00000000000031d3      0xa91 build/Debug/GNU-Linux-x86/src/pmode.o
 .debug_info    0x0000000000003c64      0xc0b build/Debug/GNU-Linux-x86/src/pmode_screen.o
 .debug_info    0x000000000000486f     0x1051 build/Debug/GNU-Linux-x86/src/utility.o
 .debug_info    0x00000000000058c0      0xa71 build/Debug/GNU-Linux-x86/src/x86.o
 .debug_info    0x0000000000006331      0x406 /home/yogi/src/osdevlibc/osdevlibc-read-only/libosdevc.a(stdio.c.o)
 .debug_info    0x0000000000006737      0x347 /home/yogi/src/osdevlibc/osdevlibc-read-only/libosdevc.a(stdlib.c.o)
 .debug_info    0x0000000000006a7e      0x671 /home/yogi/src/osdevlibc/osdevlibc-read-only/libosdevc.a(string.c.o)

.debug_abbrev   0x0000000000000000     0x1338
 .debug_abbrev  0x0000000000000000      0x199 build/Debug/GNU-Linux-x86/src/0-visor_main.o
 .debug_abbrev  0x0000000000000199      0x343 build/Debug/GNU-Linux-x86/src/guest.o
 .debug_abbrev  0x00000000000004dc      0x327 build/Debug/GNU-Linux-x86/src/host.o
 .debug_abbrev  0x0000000000000803       0x14 build/Debug/GNU-Linux-x86/src/isr_wrapper.o
 .debug_abbrev  0x0000000000000817      0x16b build/Debug/GNU-Linux-x86/src/pmode.o
 .debug_abbrev  0x0000000000000982      0x21c build/Debug/GNU-Linux-x86/src/pmode_screen.o
 .debug_abbrev  0x0000000000000b9e      0x2e2 build/Debug/GNU-Linux-x86/src/utility.o
 .debug_abbrev  0x0000000000000e80      0x192 build/Debug/GNU-Linux-x86/src/x86.o
 .debug_abbrev  0x0000000000001012      0x10a /home/yogi/src/osdevlibc/osdevlibc-read-only/libosdevc.a(stdio.c.o)
 .debug_abbrev  0x000000000000111c      0x107 /home/yogi/src/osdevlibc/osdevlibc-read-only/libosdevc.a(stdlib.c.o)
 .debug_abbrev  0x0000000000001223      0x115 /home/yogi/src/osdevlibc/osdevlibc-read-only/libosdevc.a(string.c.o)

.debug_aranges  0x0000000000000000      0x160
 .debug_aranges
                0x0000000000000000       0x20 build/Debug/GNU-Linux-x86/src/0-visor_main.o
 .debug_aranges
                0x0000000000000020       0x20 build/Debug/GNU-Linux-x86/src/guest.o
 .debug_aranges
                0x0000000000000040       0x20 build/Debug/GNU-Linux-x86/src/host.o
 .debug_aranges
                0x0000000000000060       0x20 build/Debug/GNU-Linux-x86/src/isr_wrapper.o
 .debug_aranges
                0x0000000000000080       0x20 build/Debug/GNU-Linux-x86/src/pmode.o
 .debug_aranges
                0x00000000000000a0       0x20 build/Debug/GNU-Linux-x86/src/pmode_screen.o
 .debug_aranges
                0x00000000000000c0       0x20 build/Debug/GNU-Linux-x86/src/utility.o
 .debug_aranges
                0x00000000000000e0       0x20 build/Debug/GNU-Linux-x86/src/x86.o
 .debug_aranges
                0x0000000000000100       0x20 /home/yogi/src/osdevlibc/osdevlibc-read-only/libosdevc.a(stdio.c.o)
 .debug_aranges
                0x0000000000000120       0x20 /home/yogi/src/osdevlibc/osdevlibc-read-only/libosdevc.a(stdlib.c.o)
 .debug_aranges
                0x0000000000000140       0x20 /home/yogi/src/osdevlibc/osdevlibc-read-only/libosdevc.a(string.c.o)

.debug_line     0x0000000000000000     0x15e2
 .debug_line    0x0000000000000000      0x130 build/Debug/GNU-Linux-x86/src/0-visor_main.o
 .debug_line    0x0000000000000130      0x418 build/Debug/GNU-Linux-x86/src/guest.o
 .debug_line    0x0000000000000548      0x5b5 build/Debug/GNU-Linux-x86/src/host.o
 .debug_line    0x0000000000000afd       0xdb build/Debug/GNU-Linux-x86/src/isr_wrapper.o
 .debug_line    0x0000000000000bd8       0xb7 build/Debug/GNU-Linux-x86/src/pmode.o
 .debug_line    0x0000000000000c8f      0x13c build/Debug/GNU-Linux-x86/src/pmode_screen.o
 .debug_line    0x0000000000000dcb      0x199 build/Debug/GNU-Linux-x86/src/utility.o
 .debug_line    0x0000000000000f64       0xb4 build/Debug/GNU-Linux-x86/src/x86.o
 .debug_line    0x0000000000001018      0x27a /home/yogi/src/osdevlibc/osdevlibc-read-only/libosdevc.a(stdio.c.o)
 .debug_line    0x0000000000001292      0x173 /home/yogi/src/osdevlibc/osdevlibc-read-only/libosdevc.a(stdlib.c.o)
 .debug_line    0x0000000000001405      0x1dd /home/yogi/src/osdevlibc/osdevlibc-read-only/libosdevc.a(string.c.o)

.debug_str      0x0000000000000000     0x41da
 .debug_str     0x0000000000000000      0x63f build/Debug/GNU-Linux-x86/src/0-visor_main.o
 .debug_str     0x000000000000063f      0xca2 build/Debug/GNU-Linux-x86/src/guest.o
 .debug_str     0x00000000000012e1     0x111b build/Debug/GNU-Linux-x86/src/host.o
 .debug_str     0x00000000000023fc      0x5f0 build/Debug/GNU-Linux-x86/src/pmode.o
 .debug_str     0x00000000000029ec      0x669 build/Debug/GNU-Linux-x86/src/pmode_screen.o
 .debug_str     0x0000000000003055      0x782 build/Debug/GNU-Linux-x86/src/utility.o
 .debug_str     0x00000000000037d7      0x5bc build/Debug/GNU-Linux-x86/src/x86.o
 .debug_str     0x0000000000003d93      0x1b8 /home/yogi/src/osdevlibc/osdevlibc-read-only/libosdevc.a(stdio.c.o)
 .debug_str     0x0000000000003f4b       0xf0 /home/yogi/src/osdevlibc/osdevlibc-read-only/libosdevc.a(stdlib.c.o)
 .debug_str     0x000000000000403b      0x19f /home/yogi/src/osdevlibc/osdevlibc-read-only/libosdevc.a(string.c.o)

.debug_loc      0x0000000000000000      0x7e0
 .debug_loc     0x0000000000000000      0x150 /home/yogi/src/osdevlibc/osdevlibc-read-only/libosdevc.a(stdio.c.o)
 .debug_loc     0x0000000000000150      0x268 /home/yogi/src/osdevlibc/osdevlibc-read-only/libosdevc.a(stdlib.c.o)
 .debug_loc     0x00000000000003b8      0x428 /home/yogi/src/osdevlibc/osdevlibc-read-only/libosdevc.a(string.c.o)

Cross Reference Table

Symbol                                            File
CaptureInterruptDetails                           build/Debug/GNU-Linux-x86/src/guest.o
CopyMemory                                        build/Debug/GNU-Linux-x86/src/utility.o
                                                  build/Debug/GNU-Linux-x86/src/host.o
                                                  build/Debug/GNU-Linux-x86/src/0-visor_main.o
DoGuestPageLookup                                 build/Debug/GNU-Linux-x86/src/guest.o
DoNestedPageLookup                                build/Debug/GNU-Linux-x86/src/guest.o
                                                  build/Debug/GNU-Linux-x86/src/utility.o
DoVisor                                           build/Debug/GNU-Linux-x86/src/host.o
                                                  build/Debug/GNU-Linux-x86/src/0-visor_main.o
DumpVMCB                                          build/Debug/GNU-Linux-x86/src/host.o
                                                  build/Debug/GNU-Linux-x86/src/0-visor_main.o
FatalError                                        build/Debug/GNU-Linux-x86/src/utility.o
                                                  build/Debug/GNU-Linux-x86/src/0-visor_main.o
GetGPRValue                                       build/Debug/GNU-Linux-x86/src/guest.o
GetGuestMODRegGenRegValue                         build/Debug/GNU-Linux-x86/src/guest.o
GetIOIOPort                                       build/Debug/GNU-Linux-x86/src/guest.o
GetMemB                                           build/Debug/GNU-Linux-x86/src/utility.o
                                                  build/Debug/GNU-Linux-x86/src/host.o
                                                  build/Debug/GNU-Linux-x86/src/guest.o
GetMemD                                           build/Debug/GNU-Linux-x86/src/utility.o
                                                  build/Debug/GNU-Linux-x86/src/guest.o
GetMemW                                           build/Debug/GNU-Linux-x86/src/utility.o
                                                  build/Debug/GNU-Linux-x86/src/guest.o
GuestMemOffset                                    build/Debug/GNU-Linux-x86/src/utility.o
GuestRegisters                                    build/Debug/GNU-Linux-x86/src/x86.o
                                                  build/Debug/GNU-Linux-x86/src/utility.o
                                                  build/Debug/GNU-Linux-x86/src/pmode_screen.o
                                                  build/Debug/GNU-Linux-x86/src/pmode.o
                                                  build/Debug/GNU-Linux-x86/src/host.o
                                                  build/Debug/GNU-Linux-x86/src/guest.o
                                                  build/Debug/GNU-Linux-x86/src/0-visor_main.o
HandleCR0Read                                     build/Debug/GNU-Linux-x86/src/guest.o
                                                  build/Debug/GNU-Linux-x86/src/host.o
HandleCR0Write                                    build/Debug/GNU-Linux-x86/src/guest.o
                                                  build/Debug/GNU-Linux-x86/src/host.o
HandleCR3Read                                     build/Debug/GNU-Linux-x86/src/guest.o
                                                  build/Debug/GNU-Linux-x86/src/host.o
HandleCR3Write                                    build/Debug/GNU-Linux-x86/src/guest.o
                                                  build/Debug/GNU-Linux-x86/src/host.o
HandleGuestCPUID                                  build/Debug/GNU-Linux-x86/src/guest.o
                                                  build/Debug/GNU-Linux-x86/src/host.o
HandleGuestIO                                     build/Debug/GNU-Linux-x86/src/guest.o
                                                  build/Debug/GNU-Linux-x86/src/host.o
HandleGuestPagingException                        build/Debug/GNU-Linux-x86/src/guest.o
HandleInterrutpReturn                             build/Debug/GNU-Linux-x86/src/guest.o
                                                  build/Debug/GNU-Linux-x86/src/host.o
HandleRealModeSWInterrupt                         build/Debug/GNU-Linux-x86/src/guest.o
                                                  build/Debug/GNU-Linux-x86/src/host.o
HostExceptMsg                                     build/Debug/GNU-Linux-x86/src/host.o
HostRegisters                                     build/Debug/GNU-Linux-x86/src/host.o
HostScancode                                      build/Debug/GNU-Linux-x86/src/host.o
HostTimerTicks                                    build/Debug/GNU-Linux-x86/src/host.o
IncrementGuestIP                                  build/Debug/GNU-Linux-x86/src/guest.o
                                                  build/Debug/GNU-Linux-x86/src/host.o
InfiniteLoop                                      build/Debug/GNU-Linux-x86/src/host.o
InitializeGuest                                   build/Debug/GNU-Linux-x86/src/guest.o
                                                  build/Debug/GNU-Linux-x86/src/0-visor_main.o
IntDetails                                        build/Debug/GNU-Linux-x86/src/guest.o
IntDetailsPtr                                     build/Debug/GNU-Linux-x86/src/guest.o
InterceptCount                                    build/Debug/GNU-Linux-x86/src/host.o
Itoa                                              build/Debug/GNU-Linux-x86/src/utility.o
                                                  build/Debug/GNU-Linux-x86/src/host.o
                                                  build/Debug/GNU-Linux-x86/src/guest.o
PopCSIPFlagsOffGuestStackReal16                   build/Debug/GNU-Linux-x86/src/guest.o
PrintE820Data                                     build/Debug/GNU-Linux-x86/src/host.o
                                                  build/Debug/GNU-Linux-x86/src/0-visor_main.o
PrintHostInformation                              build/Debug/GNU-Linux-x86/src/host.o
                                                  build/Debug/GNU-Linux-x86/src/0-visor_main.o
ProcessVMRunResults                               build/Debug/GNU-Linux-x86/src/host.o
RelocateMyself                                    build/Debug/GNU-Linux-x86/src/host.o
                                                  build/Debug/GNU-Linux-x86/src/0-visor_main.o
RetrieveStartModuleDiskCHSValues                  build/Debug/GNU-Linux-x86/src/utility.o
                                                  build/Debug/GNU-Linux-x86/src/0-visor_main.o
SVMCanBeEnabled                                   build/Debug/GNU-Linux-x86/src/utility.o
                                                  build/Debug/GNU-Linux-x86/src/0-visor_main.o
SaveHostBIOS                                      build/Debug/GNU-Linux-x86/src/host.o
                                                  build/Debug/GNU-Linux-x86/src/0-visor_main.o
SetGPRValue                                       build/Debug/GNU-Linux-x86/src/guest.o
SetGuestMODRegGenRegValue                         build/Debug/GNU-Linux-x86/src/guest.o
SetIOIOPort                                       build/Debug/GNU-Linux-x86/src/guest.o
                                                  build/Debug/GNU-Linux-x86/src/0-visor_main.o
SetMemB                                           build/Debug/GNU-Linux-x86/src/utility.o
SetMemD                                           build/Debug/GNU-Linux-x86/src/utility.o
SetMemW                                           build/Debug/GNU-Linux-x86/src/utility.o
SetupGuestBootMemory                              build/Debug/GNU-Linux-x86/src/guest.o
                                                  build/Debug/GNU-Linux-x86/src/0-visor_main.o
SetupHostIDT                                      build/Debug/GNU-Linux-x86/src/host.o
                                                  build/Debug/GNU-Linux-x86/src/0-visor_main.o
SetupHostPaging                                   build/Debug/GNU-Linux-x86/src/host.o
                                                  build/Debug/GNU-Linux-x86/src/0-visor_main.o
UpdatePDEntry                                     build/Debug/GNU-Linux-x86/src/host.o
VMCBFinalAddress                                  build/Debug/GNU-Linux-x86/src/host.o
ZeroMemory                                        build/Debug/GNU-Linux-x86/src/utility.o
                                                  build/Debug/GNU-Linux-x86/src/0-visor_main.o
_exc_CS                                           build/Debug/GNU-Linux-x86/src/x86.o
                                                  build/Debug/GNU-Linux-x86/src/utility.o
                                                  build/Debug/GNU-Linux-x86/src/pmode_screen.o
                                                  build/Debug/GNU-Linux-x86/src/pmode.o
                                                  build/Debug/GNU-Linux-x86/src/host.o
                                                  build/Debug/GNU-Linux-x86/src/guest.o
                                                  build/Debug/GNU-Linux-x86/src/0-visor_main.o
                                                  build/Debug/GNU-Linux-x86/src/isr_wrapper.o
_exc_IP                                           build/Debug/GNU-Linux-x86/src/x86.o
                                                  build/Debug/GNU-Linux-x86/src/utility.o
                                                  build/Debug/GNU-Linux-x86/src/pmode_screen.o
                                                  build/Debug/GNU-Linux-x86/src/pmode.o
                                                  build/Debug/GNU-Linux-x86/src/host.o
                                                  build/Debug/GNU-Linux-x86/src/guest.o
                                                  build/Debug/GNU-Linux-x86/src/0-visor_main.o
                                                  build/Debug/GNU-Linux-x86/src/isr_wrapper.o
_exception_number                                 build/Debug/GNU-Linux-x86/src/isr_wrapper.o
                                                  build/Debug/GNU-Linux-x86/src/x86.o
                                                  build/Debug/GNU-Linux-x86/src/utility.o
                                                  build/Debug/GNU-Linux-x86/src/pmode_screen.o
                                                  build/Debug/GNU-Linux-x86/src/pmode.o
                                                  build/Debug/GNU-Linux-x86/src/host.o
                                                  build/Debug/GNU-Linux-x86/src/guest.o
                                                  build/Debug/GNU-Linux-x86/src/0-visor_main.o
_isr_00_wrapper                                   build/Debug/GNU-Linux-x86/src/isr_wrapper.o
                                                  build/Debug/GNU-Linux-x86/src/host.o
_isr_01_wrapper                                   build/Debug/GNU-Linux-x86/src/isr_wrapper.o
                                                  build/Debug/GNU-Linux-x86/src/host.o
_isr_02_wrapper                                   build/Debug/GNU-Linux-x86/src/isr_wrapper.o
                                                  build/Debug/GNU-Linux-x86/src/host.o
_isr_03_wrapper                                   build/Debug/GNU-Linux-x86/src/isr_wrapper.o
                                                  build/Debug/GNU-Linux-x86/src/host.o
_isr_04_wrapper                                   build/Debug/GNU-Linux-x86/src/isr_wrapper.o
                                                  build/Debug/GNU-Linux-x86/src/host.o
_isr_05_wrapper                                   build/Debug/GNU-Linux-x86/src/isr_wrapper.o
                                                  build/Debug/GNU-Linux-x86/src/host.o
_isr_06_wrapper                                   build/Debug/GNU-Linux-x86/src/isr_wrapper.o
                                                  build/Debug/GNU-Linux-x86/src/host.o
_isr_07_wrapper                                   build/Debug/GNU-Linux-x86/src/isr_wrapper.o
                                                  build/Debug/GNU-Linux-x86/src/host.o
_isr_08_wrapper                                   build/Debug/GNU-Linux-x86/src/isr_wrapper.o
                                                  build/Debug/GNU-Linux-x86/src/host.o
_isr_09_wrapper                                   build/Debug/GNU-Linux-x86/src/isr_wrapper.o
                                                  build/Debug/GNU-Linux-x86/src/host.o
_isr_0A_wrapper                                   build/Debug/GNU-Linux-x86/src/isr_wrapper.o
                                                  build/Debug/GNU-Linux-x86/src/host.o
_isr_0B_wrapper                                   build/Debug/GNU-Linux-x86/src/isr_wrapper.o
                                                  build/Debug/GNU-Linux-x86/src/host.o
_isr_0C_wrapper                                   build/Debug/GNU-Linux-x86/src/isr_wrapper.o
                                                  build/Debug/GNU-Linux-x86/src/host.o
_isr_0D_wrapper                                   build/Debug/GNU-Linux-x86/src/isr_wrapper.o
                                                  build/Debug/GNU-Linux-x86/src/host.o
_isr_0E_wrapper                                   build/Debug/GNU-Linux-x86/src/isr_wrapper.o
_isr_0F_wrapper                                   build/Debug/GNU-Linux-x86/src/isr_wrapper.o
                                                  build/Debug/GNU-Linux-x86/src/host.o
_isr_10_wrapper                                   build/Debug/GNU-Linux-x86/src/isr_wrapper.o
                                                  build/Debug/GNU-Linux-x86/src/host.o
_isr_11_wrapper                                   build/Debug/GNU-Linux-x86/src/isr_wrapper.o
                                                  build/Debug/GNU-Linux-x86/src/host.o
_isr_12_wrapper                                   build/Debug/GNU-Linux-x86/src/isr_wrapper.o
                                                  build/Debug/GNU-Linux-x86/src/host.o
_isr_13_wrapper                                   build/Debug/GNU-Linux-x86/src/isr_wrapper.o
                                                  build/Debug/GNU-Linux-x86/src/host.o
_isr_14_wrapper                                   build/Debug/GNU-Linux-x86/src/isr_wrapper.o
                                                  build/Debug/GNU-Linux-x86/src/host.o
_isr_15_wrapper                                   build/Debug/GNU-Linux-x86/src/isr_wrapper.o
                                                  build/Debug/GNU-Linux-x86/src/host.o
_isr_16_wrapper                                   build/Debug/GNU-Linux-x86/src/isr_wrapper.o
                                                  build/Debug/GNU-Linux-x86/src/host.o
_isr_17_wrapper                                   build/Debug/GNU-Linux-x86/src/isr_wrapper.o
                                                  build/Debug/GNU-Linux-x86/src/host.o
_isr_18_wrapper                                   build/Debug/GNU-Linux-x86/src/isr_wrapper.o
                                                  build/Debug/GNU-Linux-x86/src/host.o
_isr_19_wrapper                                   build/Debug/GNU-Linux-x86/src/isr_wrapper.o
                                                  build/Debug/GNU-Linux-x86/src/host.o
_isr_1A_wrapper                                   build/Debug/GNU-Linux-x86/src/isr_wrapper.o
                                                  build/Debug/GNU-Linux-x86/src/host.o
_isr_1B_wrapper                                   build/Debug/GNU-Linux-x86/src/isr_wrapper.o
                                                  build/Debug/GNU-Linux-x86/src/host.o
_isr_1C_wrapper                                   build/Debug/GNU-Linux-x86/src/isr_wrapper.o
                                                  build/Debug/GNU-Linux-x86/src/host.o
_isr_1D_wrapper                                   build/Debug/GNU-Linux-x86/src/isr_wrapper.o
                                                  build/Debug/GNU-Linux-x86/src/host.o
_isr_1E_wrapper                                   build/Debug/GNU-Linux-x86/src/isr_wrapper.o
                                                  build/Debug/GNU-Linux-x86/src/host.o
_isr_1F_wrapper                                   build/Debug/GNU-Linux-x86/src/isr_wrapper.o
                                                  build/Debug/GNU-Linux-x86/src/host.o
_isr_20_wrapper                                   build/Debug/GNU-Linux-x86/src/isr_wrapper.o
                                                  build/Debug/GNU-Linux-x86/src/host.o
_isr_21_wrapper                                   build/Debug/GNU-Linux-x86/src/isr_wrapper.o
                                                  build/Debug/GNU-Linux-x86/src/host.o
_isr_common                                       build/Debug/GNU-Linux-x86/src/isr_wrapper.o
_ltr                                              build/Debug/GNU-Linux-x86/src/isr_wrapper.o
abs                                               /home/yogi/src/osdevlibc/osdevlibc-read-only/libosdevc.a(stdlib.c.o)
atoi                                              /home/yogi/src/osdevlibc/osdevlibc-read-only/libosdevc.a(stdlib.c.o)
                                                  /home/yogi/src/osdevlibc/osdevlibc-read-only/libosdevc.a(stdio.c.o)
atol                                              /home/yogi/src/osdevlibc/osdevlibc-read-only/libosdevc.a(stdlib.c.o)
atoll                                             /home/yogi/src/osdevlibc/osdevlibc-read-only/libosdevc.a(stdlib.c.o)
clrscr                                            build/Debug/GNU-Linux-x86/src/pmode_screen.o
                                                  build/Debug/GNU-Linux-x86/src/host.o
cpu_read_msr                                      build/Debug/GNU-Linux-x86/src/utility.o
cpu_write_msr                                     build/Debug/GNU-Linux-x86/src/utility.o
                                                  build/Debug/GNU-Linux-x86/src/host.o
cursorLocation                                    build/Debug/GNU-Linux-x86/src/pmode_screen.o
cursorX                                           build/Debug/GNU-Linux-x86/src/pmode_screen.o
cursorY                                           build/Debug/GNU-Linux-x86/src/pmode_screen.o
cursor_x                                          build/Debug/GNU-Linux-x86/src/pmode_screen.o
cursor_y                                          build/Debug/GNU-Linux-x86/src/pmode_screen.o
div                                               /home/yogi/src/osdevlibc/osdevlibc-read-only/libosdevc.a(stdlib.c.o)
fatalErrorNum                                     build/Debug/GNU-Linux-x86/src/0-visor_main.o
                                                  build/Debug/GNU-Linux-x86/src/utility.o
gInterceptCode                                    build/Debug/GNU-Linux-x86/src/host.o
getLinearCSEIP                                    build/Debug/GNU-Linux-x86/src/guest.o
                                                  build/Debug/GNU-Linux-x86/src/host.o
guest                                             build/Debug/GNU-Linux-x86/src/x86.o
                                                  build/Debug/GNU-Linux-x86/src/utility.o
                                                  build/Debug/GNU-Linux-x86/src/pmode_screen.o
                                                  build/Debug/GNU-Linux-x86/src/pmode.o
                                                  build/Debug/GNU-Linux-x86/src/host.o
                                                  build/Debug/GNU-Linux-x86/src/guest.o
                                                  build/Debug/GNU-Linux-x86/src/0-visor_main.o
host                                              build/Debug/GNU-Linux-x86/src/utility.o
                                                  build/Debug/GNU-Linux-x86/src/0-visor_main.o
host_isr_handler                                  build/Debug/GNU-Linux-x86/src/host.o
                                                  build/Debug/GNU-Linux-x86/src/isr_wrapper.o
host_paging_handler                               build/Debug/GNU-Linux-x86/src/host.o
                                                  build/Debug/GNU-Linux-x86/src/isr_wrapper.o
inb                                               build/Debug/GNU-Linux-x86/src/utility.o
                                                  build/Debug/GNU-Linux-x86/src/host.o
                                                  build/Debug/GNU-Linux-x86/src/guest.o
                                                  build/Debug/GNU-Linux-x86/src/0-visor_main.o
ind                                               build/Debug/GNU-Linux-x86/src/utility.o
init_serial                                       build/Debug/GNU-Linux-x86/src/utility.o
                                                  build/Debug/GNU-Linux-x86/src/0-visor_main.o
inw                                               build/Debug/GNU-Linux-x86/src/utility.o
kbd_handler                                       build/Debug/GNU-Linux-x86/src/host.o
                                                  build/Debug/GNU-Linux-x86/src/isr_wrapper.o
lTempDest                                         build/Debug/GNU-Linux-x86/src/host.o
                                                  build/Debug/GNU-Linux-x86/src/guest.o
lTempSource                                       build/Debug/GNU-Linux-x86/src/host.o
                                                  build/Debug/GNU-Linux-x86/src/guest.o
labs                                              /home/yogi/src/osdevlibc/osdevlibc-read-only/libosdevc.a(stdlib.c.o)
ldiv                                              /home/yogi/src/osdevlibc/osdevlibc-read-only/libosdevc.a(stdlib.c.o)
llabs                                             /home/yogi/src/osdevlibc/osdevlibc-read-only/libosdevc.a(stdlib.c.o)
lldiv                                             /home/yogi/src/osdevlibc/osdevlibc-read-only/libosdevc.a(stdlib.c.o)
main                                              build/Debug/GNU-Linux-x86/src/0-visor_main.o
memchr                                            /home/yogi/src/osdevlibc/osdevlibc-read-only/libosdevc.a(string.c.o)
memcmp                                            /home/yogi/src/osdevlibc/osdevlibc-read-only/libosdevc.a(string.c.o)
memcpy                                            /home/yogi/src/osdevlibc/osdevlibc-read-only/libosdevc.a(string.c.o)
memmove                                           /home/yogi/src/osdevlibc/osdevlibc-read-only/libosdevc.a(string.c.o)
                                                  /home/yogi/src/osdevlibc/osdevlibc-read-only/libosdevc.a(stdio.c.o)
memset                                            /home/yogi/src/osdevlibc/osdevlibc-read-only/libosdevc.a(string.c.o)
                                                  /home/yogi/src/osdevlibc/osdevlibc-read-only/libosdevc.a(stdio.c.o)
                                                  build/Debug/GNU-Linux-x86/src/host.o
monitor_put                                       build/Debug/GNU-Linux-x86/src/pmode_screen.o
movecursor                                        build/Debug/GNU-Linux-x86/src/pmode_screen.o
outb                                              build/Debug/GNU-Linux-x86/src/utility.o
                                                  build/Debug/GNU-Linux-x86/src/guest.o
                                                  build/Debug/GNU-Linux-x86/src/0-visor_main.o
outd                                              build/Debug/GNU-Linux-x86/src/utility.o
outw                                              build/Debug/GNU-Linux-x86/src/utility.o
print                                             build/Debug/GNU-Linux-x86/src/pmode_screen.o
                                                  build/Debug/GNU-Linux-x86/src/host.o
                                                  build/Debug/GNU-Linux-x86/src/0-visor_main.o
printAt                                           build/Debug/GNU-Linux-x86/src/pmode_screen.o
                                                  build/Debug/GNU-Linux-x86/src/host.o
                                                  build/Debug/GNU-Linux-x86/src/0-visor_main.o
printd                                            build/Debug/GNU-Linux-x86/src/utility.o
                                                  build/Debug/GNU-Linux-x86/src/guest.o
println                                           build/Debug/GNU-Linux-x86/src/pmode_screen.o
                                                  build/Debug/GNU-Linux-x86/src/host.o
                                                  build/Debug/GNU-Linux-x86/src/0-visor_main.o
rand                                              /home/yogi/src/osdevlibc/osdevlibc-read-only/libosdevc.a(stdlib.c.o)
rdmsr                                             build/Debug/GNU-Linux-x86/src/utility.o
setHostSegReg                                     build/Debug/GNU-Linux-x86/src/x86.o
                                                  build/Debug/GNU-Linux-x86/src/0-visor_main.o
setup_GDT32_entry_gcc                             build/Debug/GNU-Linux-x86/src/pmode.o
                                                  build/Debug/GNU-Linux-x86/src/host.o
                                                  build/Debug/GNU-Linux-x86/src/0-visor_main.o
setup_IDT_entry                                   build/Debug/GNU-Linux-x86/src/host.o
setup_pit_channel_0                               build/Debug/GNU-Linux-x86/src/utility.o
                                                  build/Debug/GNU-Linux-x86/src/0-visor_main.o
snprintf                                          /home/yogi/src/osdevlibc/osdevlibc-read-only/libosdevc.a(stdio.c.o)
sprintf                                           /home/yogi/src/osdevlibc/osdevlibc-read-only/libosdevc.a(stdio.c.o)
                                                  build/Debug/GNU-Linux-x86/src/host.o
srand                                             /home/yogi/src/osdevlibc/osdevlibc-read-only/libosdevc.a(stdlib.c.o)
sscanf                                            /home/yogi/src/osdevlibc/osdevlibc-read-only/libosdevc.a(stdio.c.o)
strcat                                            /home/yogi/src/osdevlibc/osdevlibc-read-only/libosdevc.a(string.c.o)
strchr                                            /home/yogi/src/osdevlibc/osdevlibc-read-only/libosdevc.a(string.c.o)
strcmp                                            /home/yogi/src/osdevlibc/osdevlibc-read-only/libosdevc.a(string.c.o)
strcpy                                            /home/yogi/src/osdevlibc/osdevlibc-read-only/libosdevc.a(string.c.o)
strcspn                                           /home/yogi/src/osdevlibc/osdevlibc-read-only/libosdevc.a(string.c.o)
strlen                                            /home/yogi/src/osdevlibc/osdevlibc-read-only/libosdevc.a(string.c.o)
strncat                                           /home/yogi/src/osdevlibc/osdevlibc-read-only/libosdevc.a(string.c.o)
strncmp                                           /home/yogi/src/osdevlibc/osdevlibc-read-only/libosdevc.a(string.c.o)
strncpy                                           /home/yogi/src/osdevlibc/osdevlibc-read-only/libosdevc.a(string.c.o)
strpbrk                                           /home/yogi/src/osdevlibc/osdevlibc-read-only/libosdevc.a(string.c.o)
strrchr                                           /home/yogi/src/osdevlibc/osdevlibc-read-only/libosdevc.a(string.c.o)
strspn                                            /home/yogi/src/osdevlibc/osdevlibc-read-only/libosdevc.a(string.c.o)
strstr                                            /home/yogi/src/osdevlibc/osdevlibc-read-only/libosdevc.a(string.c.o)
strtok                                            /home/yogi/src/osdevlibc/osdevlibc-read-only/libosdevc.a(string.c.o)
timer_handler                                     build/Debug/GNU-Linux-x86/src/host.o
                                                  build/Debug/GNU-Linux-x86/src/isr_wrapper.o
vhost                                             build/Debug/GNU-Linux-x86/src/x86.o
                                                  build/Debug/GNU-Linux-x86/src/utility.o
                                                  build/Debug/GNU-Linux-x86/src/pmode_screen.o
                                                  build/Debug/GNU-Linux-x86/src/pmode.o
                                                  build/Debug/GNU-Linux-x86/src/host.o
                                                  build/Debug/GNU-Linux-x86/src/guest.o
                                                  build/Debug/GNU-Linux-x86/src/0-visor_main.o
vsnprintf                                         /home/yogi/src/osdevlibc/osdevlibc-read-only/libosdevc.a(stdio.c.o)
vsprintf                                          /home/yogi/src/osdevlibc/osdevlibc-read-only/libosdevc.a(stdio.c.o)
vsscanf                                           /home/yogi/src/osdevlibc/osdevlibc-read-only/libosdevc.a(stdio.c.o)
