Archive member included to satisfy reference by file (symbol)

/home/yogi/src/osdevlibc/osdevlibc-read-only/libosdevc.a(stdio.c.o)
                              build/Debug/GNU-Linux-x86/src/host.o (sprintf)
/home/yogi/src/osdevlibc/osdevlibc-read-only/libosdevc.a(stdlib.c.o)
                              /home/yogi/src/osdevlibc/osdevlibc-read-only/libosdevc.a(stdio.c.o) (atoi)
/home/yogi/src/osdevlibc/osdevlibc-read-only/libosdevc.a(string.c.o)
                              /home/yogi/src/osdevlibc/osdevlibc-read-only/libosdevc.a(stdio.c.o) (memmove)

Allocating common symbols
Common symbol       size              file

HostScancode        0x1               build/Debug/GNU-Linux-x86/src/host.o
guest               0x1c              build/Debug/GNU-Linux-x86/src/0-visor_main.o
lTempSource         0x4               build/Debug/GNU-Linux-x86/src/guest.o
host                0x8               build/Debug/GNU-Linux-x86/src/0-visor_main.o
HostTimerTicks      0x8               build/Debug/GNU-Linux-x86/src/host.o
VMCBFinalAddress    0x4               build/Debug/GNU-Linux-x86/src/host.o
GuestRegisters      0x38              build/Debug/GNU-Linux-x86/src/0-visor_main.o
lTempDest           0x4               build/Debug/GNU-Linux-x86/src/guest.o
_exc_IP             0x2               build/Debug/GNU-Linux-x86/src/0-visor_main.o
_exc_CS             0x2               build/Debug/GNU-Linux-x86/src/0-visor_main.o
vhost               0x44              build/Debug/GNU-Linux-x86/src/0-visor_main.o
HostRegisters       0x38              build/Debug/GNU-Linux-x86/src/host.o

Discarded input sections

 .comment       0x0000000000000000       0x35 build/Debug/GNU-Linux-x86/src/0-visor_main.o
 .note.GNU-stack
                0x0000000000000000        0x0 build/Debug/GNU-Linux-x86/src/0-visor_main.o
 .comment       0x0000000000000000       0x35 build/Debug/GNU-Linux-x86/src/guest.o
 .note.GNU-stack
                0x0000000000000000        0x0 build/Debug/GNU-Linux-x86/src/guest.o
 .comment       0x0000000000000000       0x35 build/Debug/GNU-Linux-x86/src/host.o
 .note.GNU-stack
                0x0000000000000000        0x0 build/Debug/GNU-Linux-x86/src/host.o
 .comment       0x0000000000000000       0x35 build/Debug/GNU-Linux-x86/src/pmode.o
 .note.GNU-stack
                0x0000000000000000        0x0 build/Debug/GNU-Linux-x86/src/pmode.o
 .comment       0x0000000000000000       0x35 build/Debug/GNU-Linux-x86/src/pmode_screen.o
 .note.GNU-stack
                0x0000000000000000        0x0 build/Debug/GNU-Linux-x86/src/pmode_screen.o
 .comment       0x0000000000000000       0x35 build/Debug/GNU-Linux-x86/src/utility.o
 .note.GNU-stack
                0x0000000000000000        0x0 build/Debug/GNU-Linux-x86/src/utility.o
 .comment       0x0000000000000000       0x35 build/Debug/GNU-Linux-x86/src/x86.o
 .note.GNU-stack
                0x0000000000000000        0x0 build/Debug/GNU-Linux-x86/src/x86.o
 .comment       0x0000000000000000       0x2b /home/yogi/src/osdevlibc/osdevlibc-read-only/libosdevc.a(stdio.c.o)
 .note.GNU-stack
                0x0000000000000000        0x0 /home/yogi/src/osdevlibc/osdevlibc-read-only/libosdevc.a(stdio.c.o)
 .comment       0x0000000000000000       0x2b /home/yogi/src/osdevlibc/osdevlibc-read-only/libosdevc.a(stdlib.c.o)
 .note.GNU-stack
                0x0000000000000000        0x0 /home/yogi/src/osdevlibc/osdevlibc-read-only/libosdevc.a(stdlib.c.o)
 .comment       0x0000000000000000       0x2b /home/yogi/src/osdevlibc/osdevlibc-read-only/libosdevc.a(string.c.o)
 .note.GNU-stack
                0x0000000000000000        0x0 /home/yogi/src/osdevlibc/osdevlibc-read-only/libosdevc.a(string.c.o)

Memory Configuration

Name             Origin             Length             Attributes
*default*        0x0000000000000000 0xffffffffffffffff

Linker script and memory map

LOAD build/Debug/GNU-Linux-x86/src/0-visor_main.o
LOAD build/Debug/GNU-Linux-x86/src/guest.o
LOAD build/Debug/GNU-Linux-x86/src/host.o
LOAD build/Debug/GNU-Linux-x86/src/isr_wrapper.o
LOAD build/Debug/GNU-Linux-x86/src/pmode.o
LOAD build/Debug/GNU-Linux-x86/src/pmode_screen.o
LOAD build/Debug/GNU-Linux-x86/src/utility.o
LOAD build/Debug/GNU-Linux-x86/src/x86.o
                0x0000000000000000                . = 0x0

.text           0x0000000000000000     0x7731 load address 0x0000000000000200
                0x0000000000000000                _text = .
 *(.text)
 .text          0x0000000000000000      0x4db build/Debug/GNU-Linux-x86/src/0-visor_main.o
                0x0000000000000002                main
 .text          0x00000000000004db     0x21a9 build/Debug/GNU-Linux-x86/src/guest.o
                0x00000000000004db                getLinearCSEIP
                0x0000000000000506                IncrementGuestIP
                0x000000000000054c                SetupGuestBootMemory
                0x0000000000000607                DoGuestPageLookup
                0x0000000000000716                DoNestedPageLookup
                0x00000000000007ce                CaptureInterruptDetails
                0x00000000000008a0                HandleRealModeSWInterrupt
                0x0000000000000da6                PopCSIPFlagsOffGuestStackReal16
                0x0000000000000ee2                HandleInterrutpReturn
                0x0000000000000ef0                HandleCR0Write
                0x0000000000001223                HandleCR0Read
                0x00000000000012ce                SetGPRValue
                0x0000000000001555                GetGPRValue
                0x0000000000001784                HandleCR3Write
                0x0000000000001834                HandleCR3Read
                0x00000000000018a7                GetGuestMODRegGenRegValue
                0x0000000000001ace                SetGuestMODRegGenRegValue
                0x0000000000001d71                HandleGuestIO
                0x00000000000021f9                InitializeGuest
                0x00000000000024ea                SetIOIOPort
                0x0000000000002589                GetIOIOPort
                0x00000000000025e5                HandleGuestPagingException
                0x0000000000002661                HandleGuestCPUID
 .text          0x0000000000002684     0x33db build/Debug/GNU-Linux-x86/src/host.o
                0x0000000000002684                host_isr_handler
                0x0000000000002952                host_paging_handler
                0x000000000000296e                timer_handler
                0x0000000000002985                kbd_handler
                0x000000000000299e                setup_IDT_entry
                0x0000000000002a0b                SetupHostIDT
                0x0000000000002e3e                UpdatePDEntry
                0x0000000000002e80                ProcessVMRunResults
                0x0000000000003db3                DoVisor
                0x0000000000003efe                InfiniteLoop
                0x00000000000040c6                SetupHostPaging
                0x0000000000004246                RelocateMyself
                0x00000000000042d4                SaveHostBIOS
                0x0000000000004342                PrintHostInformation
                0x00000000000048ef                DumpVMCB
                0x000000000000578a                PrintE820Data
 *fill*         0x0000000000005a5f        0x1 
 .text          0x0000000000005a60      0x1e3 build/Debug/GNU-Linux-x86/src/isr_wrapper.o
                0x0000000000005a60                _isr_common
                0x0000000000005ab7                _isr_00_wrapper
                0x0000000000005abf                _isr_01_wrapper
                0x0000000000005ac7                _isr_02_wrapper
                0x0000000000005acf                _isr_03_wrapper
                0x0000000000005ad7                _isr_04_wrapper
                0x0000000000005adf                _isr_05_wrapper
                0x0000000000005aea                _isr_06_wrapper
                0x0000000000005af5                _isr_07_wrapper
                0x0000000000005b00                _isr_08_wrapper
                0x0000000000005b08                _isr_09_wrapper
                0x0000000000005b10                _isr_0A_wrapper
                0x0000000000005b1b                _isr_0B_wrapper
                0x0000000000005b26                _isr_0C_wrapper
                0x0000000000005b31                _isr_0D_wrapper
                0x0000000000005b3c                _isr_0E_wrapper
                0x0000000000005b4b                _isr_0F_wrapper
                0x0000000000005b56                _isr_10_wrapper
                0x0000000000005b61                _isr_11_wrapper
                0x0000000000005b6c                _isr_12_wrapper
                0x0000000000005b77                _isr_13_wrapper
                0x0000000000005b82                _isr_14_wrapper
                0x0000000000005b8d                _isr_15_wrapper
                0x0000000000005b98                _isr_16_wrapper
                0x0000000000005ba3                _isr_17_wrapper
                0x0000000000005bae                _isr_18_wrapper
                0x0000000000005bb9                _isr_19_wrapper
                0x0000000000005bc4                _isr_1A_wrapper
                0x0000000000005bcf                _isr_1B_wrapper
                0x0000000000005bda                _isr_1C_wrapper
                0x0000000000005be5                _isr_1D_wrapper
                0x0000000000005bf0                _isr_1E_wrapper
                0x0000000000005bfb                _isr_1F_wrapper
                0x0000000000005c06                _isr_20_wrapper
                0x0000000000005c0e                _isr_21_wrapper
                0x0000000000005c36                _exception_number
                0x0000000000005c38                _ltr
 .text          0x0000000000005c43       0x82 build/Debug/GNU-Linux-x86/src/pmode.o
                0x0000000000005c43                setup_GDT32_entry_gcc
 .text          0x0000000000005cc5      0x2e7 build/Debug/GNU-Linux-x86/src/pmode_screen.o
                0x0000000000005d5c                monitor_put
                0x0000000000005e6c                clrscr
                0x0000000000005edb                println
                0x0000000000005f09                print
                0x0000000000005f53                movecursor
                0x0000000000005f6e                printAt
                0x0000000000005f8f                cursorX
                0x0000000000005fa2                cursorY
 .text          0x0000000000005fac      0x61d build/Debug/GNU-Linux-x86/src/utility.o
                0x0000000000005fac                RetrieveStartModuleDiskCHSValues
                0x0000000000005fe7                CopyMemory
                0x0000000000006000                ZeroMemory
                0x0000000000006018                outb
                0x0000000000006052                outw
                0x0000000000006073                outd
                0x000000000000608b                inb
                0x00000000000060a8                inw
                0x00000000000060c7                ind
                0x00000000000060e3                rdmsr
                0x00000000000060fe                SVMCanBeEnabled
                0x0000000000006189                FatalError
                0x0000000000006196                GetMemB
                0x00000000000061dd                GetMemW
                0x0000000000006228                GetMemD
                0x0000000000006271                SetMemB
                0x00000000000062ba                SetMemW
                0x0000000000006306                SetMemD
                0x0000000000006348                Itoa
                0x0000000000006428                setup_pit_channel_0
                0x0000000000006485                cpu_write_msr
                0x00000000000064b8                cpu_read_msr
                0x0000000000006502                printd
                0x0000000000006535                init_serial
 .text          0x00000000000065c9       0x6a build/Debug/GNU-Linux-x86/src/x86.o
                0x00000000000065c9                setHostSegReg
 *fill*         0x0000000000006633        0x1 
 .text          0x0000000000006634      0x642 /home/yogi/src/osdevlibc/osdevlibc-read-only/libosdevc.a(stdio.c.o)
                0x0000000000006634                snprintf
                0x000000000000666b                sprintf
                0x000000000000669b                sscanf
                0x00000000000066cb                vsnprintf
                0x0000000000006c48                vsprintf
                0x0000000000006c71                vsscanf
 *fill*         0x0000000000006c76        0x2 
 .text          0x0000000000006c78      0x32a /home/yogi/src/osdevlibc/osdevlibc-read-only/libosdevc.a(stdlib.c.o)
                0x0000000000006c78                atoi
                0x0000000000006d05                atol
                0x0000000000006d92                atoll
                0x0000000000006e45                rand
                0x0000000000006e88                srand
                0x0000000000006e95                abs
                0x0000000000006ea9                labs
                0x0000000000006ebd                llabs
                0x0000000000006ef1                div
                0x0000000000006f2a                ldiv
                0x0000000000006f63                lldiv
 *fill*         0x0000000000006fa2        0x2 
 .text          0x0000000000006fa4      0x78d /home/yogi/src/osdevlibc/osdevlibc-read-only/libosdevc.a(string.c.o)
                0x0000000000006fa4                memcpy
                0x0000000000006ff6                memmove
                0x000000000000704a                strcpy
                0x000000000000708f                strncpy
                0x000000000000711b                strcat
                0x000000000000715e                strncat
                0x0000000000007204                memcmp
                0x000000000000725f                strcmp
                0x0000000000007301                strncmp
                0x0000000000007322                memchr
                0x0000000000007357                strchr
                0x000000000000739c                strcspn
                0x00000000000073f1                strpbrk
                0x0000000000007464                strrchr
                0x00000000000074c1                strspn
                0x0000000000007541                strstr
                0x00000000000075c6                strtok
                0x0000000000007660                memset
                0x00000000000076e6                strlen
                0x0000000000007731                _text_end = .

.eh_frame       0x0000000000007734     0x1000 load address 0x0000000000007934
 .eh_frame      0x0000000000007734       0x50 build/Debug/GNU-Linux-x86/src/0-visor_main.o
 .eh_frame      0x0000000000007784      0x35c build/Debug/GNU-Linux-x86/src/guest.o
 .eh_frame      0x0000000000007ae0      0x224 build/Debug/GNU-Linux-x86/src/host.o
 .eh_frame      0x0000000000007d04       0x38 build/Debug/GNU-Linux-x86/src/pmode.o
 .eh_frame      0x0000000000007d3c      0x158 build/Debug/GNU-Linux-x86/src/pmode_screen.o
 .eh_frame      0x0000000000007e94      0x334 build/Debug/GNU-Linux-x86/src/utility.o
 .eh_frame      0x00000000000081c8       0x38 build/Debug/GNU-Linux-x86/src/x86.o
 .eh_frame      0x0000000000008200       0xe0 /home/yogi/src/osdevlibc/osdevlibc-read-only/libosdevc.a(stdio.c.o)
 .eh_frame      0x00000000000082e0      0x180 /home/yogi/src/osdevlibc/osdevlibc-read-only/libosdevc.a(stdlib.c.o)
 .eh_frame      0x0000000000008460      0x2d4 /home/yogi/src/osdevlibc/osdevlibc-read-only/libosdevc.a(string.c.o)

.data           0x0000000000008740      0xaf8 load address 0x0000000000008940
                0x0000000000008740                _data = .
 *(.bss)
 .bss           0x0000000000008740        0x4 build/Debug/GNU-Linux-x86/src/0-visor_main.o
                0x0000000000008740                fatalErrorNum
 .bss           0x0000000000008744        0xc build/Debug/GNU-Linux-x86/src/guest.o
                0x0000000000008744                IntDetailsPtr
 .bss           0x0000000000008750       0x10 build/Debug/GNU-Linux-x86/src/host.o
                0x0000000000008750                gInterceptCode
                0x0000000000008758                InterceptCount
 .bss           0x0000000000008760        0x0 build/Debug/GNU-Linux-x86/src/isr_wrapper.o
 .bss           0x0000000000008760        0x0 build/Debug/GNU-Linux-x86/src/pmode.o
 .bss           0x0000000000008760        0xc build/Debug/GNU-Linux-x86/src/pmode_screen.o
                0x0000000000008760                cursorLocation
                0x0000000000008764                cursor_x
                0x0000000000008768                cursor_y
 .bss           0x000000000000876c        0x4 build/Debug/GNU-Linux-x86/src/utility.o
                0x000000000000876c                GuestMemOffset
 .bss           0x0000000000008770        0x0 build/Debug/GNU-Linux-x86/src/x86.o
 .bss           0x0000000000008770        0x0 /home/yogi/src/osdevlibc/osdevlibc-read-only/libosdevc.a(stdio.c.o)
 .bss           0x0000000000008770        0x0 /home/yogi/src/osdevlibc/osdevlibc-read-only/libosdevc.a(stdlib.c.o)
 .bss           0x0000000000008770        0x4 /home/yogi/src/osdevlibc/osdevlibc-read-only/libosdevc.a(string.c.o)
 *(.bss*)
 *(.data)
 .data          0x0000000000008774        0x0 build/Debug/GNU-Linux-x86/src/0-visor_main.o
 .data          0x0000000000008774        0x4 build/Debug/GNU-Linux-x86/src/guest.o
                0x0000000000008774                IntDetails
 *fill*         0x0000000000008778        0x8 
 .data          0x0000000000008780       0x34 build/Debug/GNU-Linux-x86/src/host.o
                0x0000000000008780                HostExceptMsg
 .data          0x00000000000087b4        0x0 build/Debug/GNU-Linux-x86/src/isr_wrapper.o
 .data          0x00000000000087b4        0x0 build/Debug/GNU-Linux-x86/src/pmode.o
 .data          0x00000000000087b4        0x0 build/Debug/GNU-Linux-x86/src/pmode_screen.o
 *fill*         0x00000000000087b4        0xc 
 .data          0x00000000000087c0       0x25 build/Debug/GNU-Linux-x86/src/utility.o
 .data          0x00000000000087e5        0x0 build/Debug/GNU-Linux-x86/src/x86.o
 *fill*         0x00000000000087e5        0x3 
 .data          0x00000000000087e8        0x0 /home/yogi/src/osdevlibc/osdevlibc-read-only/libosdevc.a(stdio.c.o)
 .data          0x00000000000087e8        0x4 /home/yogi/src/osdevlibc/osdevlibc-read-only/libosdevc.a(stdlib.c.o)
 .data          0x00000000000087ec        0x0 /home/yogi/src/osdevlibc/osdevlibc-read-only/libosdevc.a(string.c.o)
 *(.rodata*)
 .rodata        0x00000000000087ec       0xd6 build/Debug/GNU-Linux-x86/src/0-visor_main.o
 *fill*         0x00000000000088c2        0x2 
 .rodata        0x00000000000088c4       0x88 build/Debug/GNU-Linux-x86/src/guest.o
 .rodata        0x000000000000894c      0x647 build/Debug/GNU-Linux-x86/src/host.o
 *fill*         0x0000000000008f93        0x1 
 .rodata        0x0000000000008f94      0x164 /home/yogi/src/osdevlibc/osdevlibc-read-only/libosdevc.a(stdio.c.o)
 *(COMMON)
 *fill*         0x00000000000090f8        0x8 
 COMMON         0x0000000000009100       0xc4 build/Debug/GNU-Linux-x86/src/0-visor_main.o
                0x0000000000009100                guest
                0x000000000000911c                host
                0x0000000000009140                GuestRegisters
                0x0000000000009178                _exc_IP
                0x000000000000917a                _exc_CS
                0x0000000000009180                vhost
 COMMON         0x00000000000091c4        0x8 build/Debug/GNU-Linux-x86/src/guest.o
                0x00000000000091c4                lTempSource
                0x00000000000091c8                lTempDest
 *fill*         0x00000000000091cc       0x14 
 COMMON         0x00000000000091e0       0x58 build/Debug/GNU-Linux-x86/src/host.o
                0x00000000000091e0                HostScancode
                0x00000000000091e8                HostTimerTicks
                0x00000000000091f0                VMCBFinalAddress
                0x0000000000009200                HostRegisters
                0x0000000000009238                _data_end = .

/DISCARD/
 *(.note*)
 *(.iplt*)
 *(.igot*)
 *(.rel*)
 *(.comment)
LOAD /home/yogi/src/osdevlibc/osdevlibc-read-only/libosdevc.a
OUTPUT(dist/Debug/GNU-Linux-x86/bmvisor binary)

.debug_info     0x0000000000000000     0x70c7
 .debug_info    0x0000000000000000      0xb74 build/Debug/GNU-Linux-x86/src/0-visor_main.o
 .debug_info    0x0000000000000b74     0x123f build/Debug/GNU-Linux-x86/src/guest.o
 .debug_info    0x0000000000001db3     0x1398 build/Debug/GNU-Linux-x86/src/host.o
 .debug_info    0x000000000000314b       0x60 build/Debug/GNU-Linux-x86/src/isr_wrapper.o
 .debug_info    0x00000000000031ab      0xa91 build/Debug/GNU-Linux-x86/src/pmode.o
 .debug_info    0x0000000000003c3c      0xc0b build/Debug/GNU-Linux-x86/src/pmode_screen.o
 .debug_info    0x0000000000004847     0x1051 build/Debug/GNU-Linux-x86/src/utility.o
 .debug_info    0x0000000000005898      0xa71 build/Debug/GNU-Linux-x86/src/x86.o
 .debug_info    0x0000000000006309      0x406 /home/yogi/src/osdevlibc/osdevlibc-read-only/libosdevc.a(stdio.c.o)
 .debug_info    0x000000000000670f      0x347 /home/yogi/src/osdevlibc/osdevlibc-read-only/libosdevc.a(stdlib.c.o)
 .debug_info    0x0000000000006a56      0x671 /home/yogi/src/osdevlibc/osdevlibc-read-only/libosdevc.a(string.c.o)

.debug_abbrev   0x0000000000000000     0x12f0
 .debug_abbrev  0x0000000000000000      0x199 build/Debug/GNU-Linux-x86/src/0-visor_main.o
 .debug_abbrev  0x0000000000000199      0x313 build/Debug/GNU-Linux-x86/src/guest.o
 .debug_abbrev  0x00000000000004ac      0x30f build/Debug/GNU-Linux-x86/src/host.o
 .debug_abbrev  0x00000000000007bb       0x14 build/Debug/GNU-Linux-x86/src/isr_wrapper.o
 .debug_abbrev  0x00000000000007cf      0x16b build/Debug/GNU-Linux-x86/src/pmode.o
 .debug_abbrev  0x000000000000093a      0x21c build/Debug/GNU-Linux-x86/src/pmode_screen.o
 .debug_abbrev  0x0000000000000b56      0x2e2 build/Debug/GNU-Linux-x86/src/utility.o
 .debug_abbrev  0x0000000000000e38      0x192 build/Debug/GNU-Linux-x86/src/x86.o
 .debug_abbrev  0x0000000000000fca      0x10a /home/yogi/src/osdevlibc/osdevlibc-read-only/libosdevc.a(stdio.c.o)
 .debug_abbrev  0x00000000000010d4      0x107 /home/yogi/src/osdevlibc/osdevlibc-read-only/libosdevc.a(stdlib.c.o)
 .debug_abbrev  0x00000000000011db      0x115 /home/yogi/src/osdevlibc/osdevlibc-read-only/libosdevc.a(string.c.o)

.debug_aranges  0x0000000000000000      0x160
 .debug_aranges
                0x0000000000000000       0x20 build/Debug/GNU-Linux-x86/src/0-visor_main.o
 .debug_aranges
                0x0000000000000020       0x20 build/Debug/GNU-Linux-x86/src/guest.o
 .debug_aranges
                0x0000000000000040       0x20 build/Debug/GNU-Linux-x86/src/host.o
 .debug_aranges
                0x0000000000000060       0x20 build/Debug/GNU-Linux-x86/src/isr_wrapper.o
 .debug_aranges
                0x0000000000000080       0x20 build/Debug/GNU-Linux-x86/src/pmode.o
 .debug_aranges
                0x00000000000000a0       0x20 build/Debug/GNU-Linux-x86/src/pmode_screen.o
 .debug_aranges
                0x00000000000000c0       0x20 build/Debug/GNU-Linux-x86/src/utility.o
 .debug_aranges
                0x00000000000000e0       0x20 build/Debug/GNU-Linux-x86/src/x86.o
 .debug_aranges
                0x0000000000000100       0x20 /home/yogi/src/osdevlibc/osdevlibc-read-only/libosdevc.a(stdio.c.o)
 .debug_aranges
                0x0000000000000120       0x20 /home/yogi/src/osdevlibc/osdevlibc-read-only/libosdevc.a(stdlib.c.o)
 .debug_aranges
                0x0000000000000140       0x20 /home/yogi/src/osdevlibc/osdevlibc-read-only/libosdevc.a(string.c.o)

.debug_line     0x0000000000000000     0x15f1
 .debug_line    0x0000000000000000      0x12f build/Debug/GNU-Linux-x86/src/0-visor_main.o
 .debug_line    0x000000000000012f      0x413 build/Debug/GNU-Linux-x86/src/guest.o
 .debug_line    0x0000000000000542      0x5ca build/Debug/GNU-Linux-x86/src/host.o
 .debug_line    0x0000000000000b0c       0xdb build/Debug/GNU-Linux-x86/src/isr_wrapper.o
 .debug_line    0x0000000000000be7       0xb7 build/Debug/GNU-Linux-x86/src/pmode.o
 .debug_line    0x0000000000000c9e      0x13c build/Debug/GNU-Linux-x86/src/pmode_screen.o
 .debug_line    0x0000000000000dda      0x199 build/Debug/GNU-Linux-x86/src/utility.o
 .debug_line    0x0000000000000f73       0xb4 build/Debug/GNU-Linux-x86/src/x86.o
 .debug_line    0x0000000000001027      0x27a /home/yogi/src/osdevlibc/osdevlibc-read-only/libosdevc.a(stdio.c.o)
 .debug_line    0x00000000000012a1      0x173 /home/yogi/src/osdevlibc/osdevlibc-read-only/libosdevc.a(stdlib.c.o)
 .debug_line    0x0000000000001414      0x1dd /home/yogi/src/osdevlibc/osdevlibc-read-only/libosdevc.a(string.c.o)

.debug_str      0x0000000000000000     0x41eb
 .debug_str     0x0000000000000000      0x63f build/Debug/GNU-Linux-x86/src/0-visor_main.o
 .debug_str     0x000000000000063f      0xc9b build/Debug/GNU-Linux-x86/src/guest.o
 .debug_str     0x00000000000012da     0x1133 build/Debug/GNU-Linux-x86/src/host.o
 .debug_str     0x000000000000240d      0x5f0 build/Debug/GNU-Linux-x86/src/pmode.o
 .debug_str     0x00000000000029fd      0x669 build/Debug/GNU-Linux-x86/src/pmode_screen.o
 .debug_str     0x0000000000003066      0x782 build/Debug/GNU-Linux-x86/src/utility.o
 .debug_str     0x00000000000037e8      0x5bc build/Debug/GNU-Linux-x86/src/x86.o
 .debug_str     0x0000000000003da4      0x1b8 /home/yogi/src/osdevlibc/osdevlibc-read-only/libosdevc.a(stdio.c.o)
 .debug_str     0x0000000000003f5c       0xf0 /home/yogi/src/osdevlibc/osdevlibc-read-only/libosdevc.a(stdlib.c.o)
 .debug_str     0x000000000000404c      0x19f /home/yogi/src/osdevlibc/osdevlibc-read-only/libosdevc.a(string.c.o)

.debug_loc      0x0000000000000000      0x7e0
 .debug_loc     0x0000000000000000      0x150 /home/yogi/src/osdevlibc/osdevlibc-read-only/libosdevc.a(stdio.c.o)
 .debug_loc     0x0000000000000150      0x268 /home/yogi/src/osdevlibc/osdevlibc-read-only/libosdevc.a(stdlib.c.o)
 .debug_loc     0x00000000000003b8      0x428 /home/yogi/src/osdevlibc/osdevlibc-read-only/libosdevc.a(string.c.o)

Cross Reference Table

Symbol                                            File
CaptureInterruptDetails                           build/Debug/GNU-Linux-x86/src/guest.o
CopyMemory                                        build/Debug/GNU-Linux-x86/src/utility.o
                                                  build/Debug/GNU-Linux-x86/src/host.o
                                                  build/Debug/GNU-Linux-x86/src/0-visor_main.o
DoGuestPageLookup                                 build/Debug/GNU-Linux-x86/src/guest.o
DoNestedPageLookup                                build/Debug/GNU-Linux-x86/src/guest.o
                                                  build/Debug/GNU-Linux-x86/src/utility.o
DoVisor                                           build/Debug/GNU-Linux-x86/src/host.o
                                                  build/Debug/GNU-Linux-x86/src/0-visor_main.o
DumpVMCB                                          build/Debug/GNU-Linux-x86/src/host.o
FatalError                                        build/Debug/GNU-Linux-x86/src/utility.o
                                                  build/Debug/GNU-Linux-x86/src/0-visor_main.o
GetGPRValue                                       build/Debug/GNU-Linux-x86/src/guest.o
GetGuestMODRegGenRegValue                         build/Debug/GNU-Linux-x86/src/guest.o
GetIOIOPort                                       build/Debug/GNU-Linux-x86/src/guest.o
GetMemB                                           build/Debug/GNU-Linux-x86/src/utility.o
                                                  build/Debug/GNU-Linux-x86/src/host.o
                                                  build/Debug/GNU-Linux-x86/src/guest.o
GetMemD                                           build/Debug/GNU-Linux-x86/src/utility.o
                                                  build/Debug/GNU-Linux-x86/src/guest.o
GetMemW                                           build/Debug/GNU-Linux-x86/src/utility.o
                                                  build/Debug/GNU-Linux-x86/src/guest.o
GuestMemOffset                                    build/Debug/GNU-Linux-x86/src/utility.o
GuestRegisters                                    build/Debug/GNU-Linux-x86/src/x86.o
                                                  build/Debug/GNU-Linux-x86/src/utility.o
                                                  build/Debug/GNU-Linux-x86/src/pmode_screen.o
                                                  build/Debug/GNU-Linux-x86/src/pmode.o
                                                  build/Debug/GNU-Linux-x86/src/host.o
                                                  build/Debug/GNU-Linux-x86/src/guest.o
                                                  build/Debug/GNU-Linux-x86/src/0-visor_main.o
HandleCR0Read                                     build/Debug/GNU-Linux-x86/src/guest.o
                                                  build/Debug/GNU-Linux-x86/src/host.o
HandleCR0Write                                    build/Debug/GNU-Linux-x86/src/guest.o
HandleCR3Read                                     build/Debug/GNU-Linux-x86/src/guest.o
                                                  build/Debug/GNU-Linux-x86/src/host.o
HandleCR3Write                                    build/Debug/GNU-Linux-x86/src/guest.o
                                                  build/Debug/GNU-Linux-x86/src/host.o
HandleGuestCPUID                                  build/Debug/GNU-Linux-x86/src/guest.o
                                                  build/Debug/GNU-Linux-x86/src/host.o
HandleGuestIO                                     build/Debug/GNU-Linux-x86/src/guest.o
                                                  build/Debug/GNU-Linux-x86/src/host.o
HandleGuestPagingException                        build/Debug/GNU-Linux-x86/src/guest.o
HandleInterrutpReturn                             build/Debug/GNU-Linux-x86/src/guest.o
                                                  build/Debug/GNU-Linux-x86/src/host.o
HandleRealModeSWInterrupt                         build/Debug/GNU-Linux-x86/src/guest.o
                                                  build/Debug/GNU-Linux-x86/src/host.o
HostExceptMsg                                     build/Debug/GNU-Linux-x86/src/host.o
HostRegisters                                     build/Debug/GNU-Linux-x86/src/host.o
HostScancode                                      build/Debug/GNU-Linux-x86/src/host.o
HostTimerTicks                                    build/Debug/GNU-Linux-x86/src/host.o
IncrementGuestIP                                  build/Debug/GNU-Linux-x86/src/guest.o
                                                  build/Debug/GNU-Linux-x86/src/host.o
InfiniteLoop                                      build/Debug/GNU-Linux-x86/src/host.o
InitializeGuest                                   build/Debug/GNU-Linux-x86/src/guest.o
                                                  build/Debug/GNU-Linux-x86/src/0-visor_main.o
IntDetails                                        build/Debug/GNU-Linux-x86/src/guest.o
IntDetailsPtr                                     build/Debug/GNU-Linux-x86/src/guest.o
InterceptCount                                    build/Debug/GNU-Linux-x86/src/host.o
Itoa                                              build/Debug/GNU-Linux-x86/src/utility.o
                                                  build/Debug/GNU-Linux-x86/src/host.o
PopCSIPFlagsOffGuestStackReal16                   build/Debug/GNU-Linux-x86/src/guest.o
PrintE820Data                                     build/Debug/GNU-Linux-x86/src/host.o
                                                  build/Debug/GNU-Linux-x86/src/0-visor_main.o
PrintHostInformation                              build/Debug/GNU-Linux-x86/src/host.o
                                                  build/Debug/GNU-Linux-x86/src/0-visor_main.o
ProcessVMRunResults                               build/Debug/GNU-Linux-x86/src/host.o
RelocateMyself                                    build/Debug/GNU-Linux-x86/src/host.o
                                                  build/Debug/GNU-Linux-x86/src/0-visor_main.o
RetrieveStartModuleDiskCHSValues                  build/Debug/GNU-Linux-x86/src/utility.o
                                                  build/Debug/GNU-Linux-x86/src/0-visor_main.o
SVMCanBeEnabled                                   build/Debug/GNU-Linux-x86/src/utility.o
                                                  build/Debug/GNU-Linux-x86/src/0-visor_main.o
SaveHostBIOS                                      build/Debug/GNU-Linux-x86/src/host.o
                                                  build/Debug/GNU-Linux-x86/src/0-visor_main.o
SetGPRValue                                       build/Debug/GNU-Linux-x86/src/guest.o
SetGuestMODRegGenRegValue                         build/Debug/GNU-Linux-x86/src/guest.o
SetIOIOPort                                       build/Debug/GNU-Linux-x86/src/guest.o
                                                  build/Debug/GNU-Linux-x86/src/0-visor_main.o
SetMemB                                           build/Debug/GNU-Linux-x86/src/utility.o
SetMemD                                           build/Debug/GNU-Linux-x86/src/utility.o
SetMemW                                           build/Debug/GNU-Linux-x86/src/utility.o
SetupGuestBootMemory                              build/Debug/GNU-Linux-x86/src/guest.o
                                                  build/Debug/GNU-Linux-x86/src/0-visor_main.o
SetupHostIDT                                      build/Debug/GNU-Linux-x86/src/host.o
                                                  build/Debug/GNU-Linux-x86/src/0-visor_main.o
SetupHostPaging                                   build/Debug/GNU-Linux-x86/src/host.o
                                                  build/Debug/GNU-Linux-x86/src/0-visor_main.o
UpdatePDEntry                                     build/Debug/GNU-Linux-x86/src/host.o
VMCBFinalAddress                                  build/Debug/GNU-Linux-x86/src/host.o
ZeroMemory                                        build/Debug/GNU-Linux-x86/src/utility.o
                                                  build/Debug/GNU-Linux-x86/src/0-visor_main.o
_exc_CS                                           build/Debug/GNU-Linux-x86/src/x86.o
                                                  build/Debug/GNU-Linux-x86/src/utility.o
                                                  build/Debug/GNU-Linux-x86/src/pmode_screen.o
                                                  build/Debug/GNU-Linux-x86/src/pmode.o
                                                  build/Debug/GNU-Linux-x86/src/host.o
                                                  build/Debug/GNU-Linux-x86/src/guest.o
                                                  build/Debug/GNU-Linux-x86/src/0-visor_main.o
                                                  build/Debug/GNU-Linux-x86/src/isr_wrapper.o
_exc_IP                                           build/Debug/GNU-Linux-x86/src/x86.o
                                                  build/Debug/GNU-Linux-x86/src/utility.o
                                                  build/Debug/GNU-Linux-x86/src/pmode_screen.o
                                                  build/Debug/GNU-Linux-x86/src/pmode.o
                                                  build/Debug/GNU-Linux-x86/src/host.o
                                                  build/Debug/GNU-Linux-x86/src/guest.o
                                                  build/Debug/GNU-Linux-x86/src/0-visor_main.o
                                                  build/Debug/GNU-Linux-x86/src/isr_wrapper.o
_exception_number                                 build/Debug/GNU-Linux-x86/src/isr_wrapper.o
                                                  build/Debug/GNU-Linux-x86/src/x86.o
                                                  build/Debug/GNU-Linux-x86/src/utility.o
                                                  build/Debug/GNU-Linux-x86/src/pmode_screen.o
                                                  build/Debug/GNU-Linux-x86/src/pmode.o
                                                  build/Debug/GNU-Linux-x86/src/host.o
                                                  build/Debug/GNU-Linux-x86/src/guest.o
                                                  build/Debug/GNU-Linux-x86/src/0-visor_main.o
_isr_00_wrapper                                   build/Debug/GNU-Linux-x86/src/isr_wrapper.o
                                                  build/Debug/GNU-Linux-x86/src/host.o
_isr_01_wrapper                                   build/Debug/GNU-Linux-x86/src/isr_wrapper.o
                                                  build/Debug/GNU-Linux-x86/src/host.o
_isr_02_wrapper                                   build/Debug/GNU-Linux-x86/src/isr_wrapper.o
                                                  build/Debug/GNU-Linux-x86/src/host.o
_isr_03_wrapper                                   build/Debug/GNU-Linux-x86/src/isr_wrapper.o
                                                  build/Debug/GNU-Linux-x86/src/host.o
_isr_04_wrapper                                   build/Debug/GNU-Linux-x86/src/isr_wrapper.o
                                                  build/Debug/GNU-Linux-x86/src/host.o
_isr_05_wrapper                                   build/Debug/GNU-Linux-x86/src/isr_wrapper.o
                                                  build/Debug/GNU-Linux-x86/src/host.o
_isr_06_wrapper                                   build/Debug/GNU-Linux-x86/src/isr_wrapper.o
                                                  build/Debug/GNU-Linux-x86/src/host.o
_isr_07_wrapper                                   build/Debug/GNU-Linux-x86/src/isr_wrapper.o
                                                  build/Debug/GNU-Linux-x86/src/host.o
_isr_08_wrapper                                   build/Debug/GNU-Linux-x86/src/isr_wrapper.o
                                                  build/Debug/GNU-Linux-x86/src/host.o
_isr_09_wrapper                                   build/Debug/GNU-Linux-x86/src/isr_wrapper.o
                                                  build/Debug/GNU-Linux-x86/src/host.o
_isr_0A_wrapper                                   build/Debug/GNU-Linux-x86/src/isr_wrapper.o
                                                  build/Debug/GNU-Linux-x86/src/host.o
_isr_0B_wrapper                                   build/Debug/GNU-Linux-x86/src/isr_wrapper.o
                                                  build/Debug/GNU-Linux-x86/src/host.o
_isr_0C_wrapper                                   build/Debug/GNU-Linux-x86/src/isr_wrapper.o
                                                  build/Debug/GNU-Linux-x86/src/host.o
_isr_0D_wrapper                                   build/Debug/GNU-Linux-x86/src/isr_wrapper.o
                                                  build/Debug/GNU-Linux-x86/src/host.o
_isr_0E_wrapper                                   build/Debug/GNU-Linux-x86/src/isr_wrapper.o
_isr_0F_wrapper                                   build/Debug/GNU-Linux-x86/src/isr_wrapper.o
                                                  build/Debug/GNU-Linux-x86/src/host.o
_isr_10_wrapper                                   build/Debug/GNU-Linux-x86/src/isr_wrapper.o
                                                  build/Debug/GNU-Linux-x86/src/host.o
_isr_11_wrapper                                   build/Debug/GNU-Linux-x86/src/isr_wrapper.o
                                                  build/Debug/GNU-Linux-x86/src/host.o
_isr_12_wrapper                                   build/Debug/GNU-Linux-x86/src/isr_wrapper.o
                                                  build/Debug/GNU-Linux-x86/src/host.o
_isr_13_wrapper                                   build/Debug/GNU-Linux-x86/src/isr_wrapper.o
                                                  build/Debug/GNU-Linux-x86/src/host.o
_isr_14_wrapper                                   build/Debug/GNU-Linux-x86/src/isr_wrapper.o
                                                  build/Debug/GNU-Linux-x86/src/host.o
_isr_15_wrapper                                   build/Debug/GNU-Linux-x86/src/isr_wrapper.o
                                                  build/Debug/GNU-Linux-x86/src/host.o
_isr_16_wrapper                                   build/Debug/GNU-Linux-x86/src/isr_wrapper.o
                                                  build/Debug/GNU-Linux-x86/src/host.o
_isr_17_wrapper                                   build/Debug/GNU-Linux-x86/src/isr_wrapper.o
                                                  build/Debug/GNU-Linux-x86/src/host.o
_isr_18_wrapper                                   build/Debug/GNU-Linux-x86/src/isr_wrapper.o
                                                  build/Debug/GNU-Linux-x86/src/host.o
_isr_19_wrapper                                   build/Debug/GNU-Linux-x86/src/isr_wrapper.o
                                                  build/Debug/GNU-Linux-x86/src/host.o
_isr_1A_wrapper                                   build/Debug/GNU-Linux-x86/src/isr_wrapper.o
                                                  build/Debug/GNU-Linux-x86/src/host.o
_isr_1B_wrapper                                   build/Debug/GNU-Linux-x86/src/isr_wrapper.o
                                                  build/Debug/GNU-Linux-x86/src/host.o
_isr_1C_wrapper                                   build/Debug/GNU-Linux-x86/src/isr_wrapper.o
                                                  build/Debug/GNU-Linux-x86/src/host.o
_isr_1D_wrapper                                   build/Debug/GNU-Linux-x86/src/isr_wrapper.o
                                                  build/Debug/GNU-Linux-x86/src/host.o
_isr_1E_wrapper                                   build/Debug/GNU-Linux-x86/src/isr_wrapper.o
                                                  build/Debug/GNU-Linux-x86/src/host.o
_isr_1F_wrapper                                   build/Debug/GNU-Linux-x86/src/isr_wrapper.o
                                                  build/Debug/GNU-Linux-x86/src/host.o
_isr_20_wrapper                                   build/Debug/GNU-Linux-x86/src/isr_wrapper.o
                                                  build/Debug/GNU-Linux-x86/src/host.o
_isr_21_wrapper                                   build/Debug/GNU-Linux-x86/src/isr_wrapper.o
                                                  build/Debug/GNU-Linux-x86/src/host.o
_isr_common                                       build/Debug/GNU-Linux-x86/src/isr_wrapper.o
_ltr                                              build/Debug/GNU-Linux-x86/src/isr_wrapper.o
abs                                               /home/yogi/src/osdevlibc/osdevlibc-read-only/libosdevc.a(stdlib.c.o)
atoi                                              /home/yogi/src/osdevlibc/osdevlibc-read-only/libosdevc.a(stdlib.c.o)
                                                  /home/yogi/src/osdevlibc/osdevlibc-read-only/libosdevc.a(stdio.c.o)
atol                                              /home/yogi/src/osdevlibc/osdevlibc-read-only/libosdevc.a(stdlib.c.o)
atoll                                             /home/yogi/src/osdevlibc/osdevlibc-read-only/libosdevc.a(stdlib.c.o)
clrscr                                            build/Debug/GNU-Linux-x86/src/pmode_screen.o
                                                  build/Debug/GNU-Linux-x86/src/host.o
cpu_read_msr                                      build/Debug/GNU-Linux-x86/src/utility.o
cpu_write_msr                                     build/Debug/GNU-Linux-x86/src/utility.o
                                                  build/Debug/GNU-Linux-x86/src/host.o
cursorLocation                                    build/Debug/GNU-Linux-x86/src/pmode_screen.o
cursorX                                           build/Debug/GNU-Linux-x86/src/pmode_screen.o
cursorY                                           build/Debug/GNU-Linux-x86/src/pmode_screen.o
cursor_x                                          build/Debug/GNU-Linux-x86/src/pmode_screen.o
cursor_y                                          build/Debug/GNU-Linux-x86/src/pmode_screen.o
div                                               /home/yogi/src/osdevlibc/osdevlibc-read-only/libosdevc.a(stdlib.c.o)
fatalErrorNum                                     build/Debug/GNU-Linux-x86/src/0-visor_main.o
                                                  build/Debug/GNU-Linux-x86/src/utility.o
gInterceptCode                                    build/Debug/GNU-Linux-x86/src/host.o
getLinearCSEIP                                    build/Debug/GNU-Linux-x86/src/guest.o
                                                  build/Debug/GNU-Linux-x86/src/host.o
guest                                             build/Debug/GNU-Linux-x86/src/x86.o
                                                  build/Debug/GNU-Linux-x86/src/utility.o
                                                  build/Debug/GNU-Linux-x86/src/pmode_screen.o
                                                  build/Debug/GNU-Linux-x86/src/pmode.o
                                                  build/Debug/GNU-Linux-x86/src/host.o
                                                  build/Debug/GNU-Linux-x86/src/guest.o
                                                  build/Debug/GNU-Linux-x86/src/0-visor_main.o
host                                              build/Debug/GNU-Linux-x86/src/utility.o
                                                  build/Debug/GNU-Linux-x86/src/0-visor_main.o
host_isr_handler                                  build/Debug/GNU-Linux-x86/src/host.o
                                                  build/Debug/GNU-Linux-x86/src/isr_wrapper.o
host_paging_handler                               build/Debug/GNU-Linux-x86/src/host.o
                                                  build/Debug/GNU-Linux-x86/src/isr_wrapper.o
inb                                               build/Debug/GNU-Linux-x86/src/utility.o
                                                  build/Debug/GNU-Linux-x86/src/host.o
                                                  build/Debug/GNU-Linux-x86/src/guest.o
                                                  build/Debug/GNU-Linux-x86/src/0-visor_main.o
ind                                               build/Debug/GNU-Linux-x86/src/utility.o
init_serial                                       build/Debug/GNU-Linux-x86/src/utility.o
                                                  build/Debug/GNU-Linux-x86/src/0-visor_main.o
inw                                               build/Debug/GNU-Linux-x86/src/utility.o
kbd_handler                                       build/Debug/GNU-Linux-x86/src/host.o
                                                  build/Debug/GNU-Linux-x86/src/isr_wrapper.o
lTempDest                                         build/Debug/GNU-Linux-x86/src/host.o
                                                  build/Debug/GNU-Linux-x86/src/guest.o
lTempSource                                       build/Debug/GNU-Linux-x86/src/host.o
                                                  build/Debug/GNU-Linux-x86/src/guest.o
labs                                              /home/yogi/src/osdevlibc/osdevlibc-read-only/libosdevc.a(stdlib.c.o)
ldiv                                              /home/yogi/src/osdevlibc/osdevlibc-read-only/libosdevc.a(stdlib.c.o)
llabs                                             /home/yogi/src/osdevlibc/osdevlibc-read-only/libosdevc.a(stdlib.c.o)
lldiv                                             /home/yogi/src/osdevlibc/osdevlibc-read-only/libosdevc.a(stdlib.c.o)
main                                              build/Debug/GNU-Linux-x86/src/0-visor_main.o
memchr                                            /home/yogi/src/osdevlibc/osdevlibc-read-only/libosdevc.a(string.c.o)
memcmp                                            /home/yogi/src/osdevlibc/osdevlibc-read-only/libosdevc.a(string.c.o)
memcpy                                            /home/yogi/src/osdevlibc/osdevlibc-read-only/libosdevc.a(string.c.o)
memmove                                           /home/yogi/src/osdevlibc/osdevlibc-read-only/libosdevc.a(string.c.o)
                                                  /home/yogi/src/osdevlibc/osdevlibc-read-only/libosdevc.a(stdio.c.o)
memset                                            /home/yogi/src/osdevlibc/osdevlibc-read-only/libosdevc.a(string.c.o)
                                                  /home/yogi/src/osdevlibc/osdevlibc-read-only/libosdevc.a(stdio.c.o)
                                                  build/Debug/GNU-Linux-x86/src/host.o
monitor_put                                       build/Debug/GNU-Linux-x86/src/pmode_screen.o
movecursor                                        build/Debug/GNU-Linux-x86/src/pmode_screen.o
outb                                              build/Debug/GNU-Linux-x86/src/utility.o
                                                  build/Debug/GNU-Linux-x86/src/guest.o
                                                  build/Debug/GNU-Linux-x86/src/0-visor_main.o
outd                                              build/Debug/GNU-Linux-x86/src/utility.o
outw                                              build/Debug/GNU-Linux-x86/src/utility.o
print                                             build/Debug/GNU-Linux-x86/src/pmode_screen.o
                                                  build/Debug/GNU-Linux-x86/src/host.o
                                                  build/Debug/GNU-Linux-x86/src/0-visor_main.o
printAt                                           build/Debug/GNU-Linux-x86/src/pmode_screen.o
                                                  build/Debug/GNU-Linux-x86/src/host.o
                                                  build/Debug/GNU-Linux-x86/src/0-visor_main.o
printd                                            build/Debug/GNU-Linux-x86/src/utility.o
                                                  build/Debug/GNU-Linux-x86/src/host.o
println                                           build/Debug/GNU-Linux-x86/src/pmode_screen.o
                                                  build/Debug/GNU-Linux-x86/src/host.o
                                                  build/Debug/GNU-Linux-x86/src/0-visor_main.o
rand                                              /home/yogi/src/osdevlibc/osdevlibc-read-only/libosdevc.a(stdlib.c.o)
rdmsr                                             build/Debug/GNU-Linux-x86/src/utility.o
setHostSegReg                                     build/Debug/GNU-Linux-x86/src/x86.o
                                                  build/Debug/GNU-Linux-x86/src/0-visor_main.o
setup_GDT32_entry_gcc                             build/Debug/GNU-Linux-x86/src/pmode.o
                                                  build/Debug/GNU-Linux-x86/src/host.o
                                                  build/Debug/GNU-Linux-x86/src/0-visor_main.o
setup_IDT_entry                                   build/Debug/GNU-Linux-x86/src/host.o
setup_pit_channel_0                               build/Debug/GNU-Linux-x86/src/utility.o
                                                  build/Debug/GNU-Linux-x86/src/0-visor_main.o
snprintf                                          /home/yogi/src/osdevlibc/osdevlibc-read-only/libosdevc.a(stdio.c.o)
sprintf                                           /home/yogi/src/osdevlibc/osdevlibc-read-only/libosdevc.a(stdio.c.o)
                                                  build/Debug/GNU-Linux-x86/src/host.o
srand                                             /home/yogi/src/osdevlibc/osdevlibc-read-only/libosdevc.a(stdlib.c.o)
sscanf                                            /home/yogi/src/osdevlibc/osdevlibc-read-only/libosdevc.a(stdio.c.o)
strcat                                            /home/yogi/src/osdevlibc/osdevlibc-read-only/libosdevc.a(string.c.o)
strchr                                            /home/yogi/src/osdevlibc/osdevlibc-read-only/libosdevc.a(string.c.o)
strcmp                                            /home/yogi/src/osdevlibc/osdevlibc-read-only/libosdevc.a(string.c.o)
strcpy                                            /home/yogi/src/osdevlibc/osdevlibc-read-only/libosdevc.a(string.c.o)
strcspn                                           /home/yogi/src/osdevlibc/osdevlibc-read-only/libosdevc.a(string.c.o)
strlen                                            /home/yogi/src/osdevlibc/osdevlibc-read-only/libosdevc.a(string.c.o)
strncat                                           /home/yogi/src/osdevlibc/osdevlibc-read-only/libosdevc.a(string.c.o)
strncmp                                           /home/yogi/src/osdevlibc/osdevlibc-read-only/libosdevc.a(string.c.o)
strncpy                                           /home/yogi/src/osdevlibc/osdevlibc-read-only/libosdevc.a(string.c.o)
strpbrk                                           /home/yogi/src/osdevlibc/osdevlibc-read-only/libosdevc.a(string.c.o)
strrchr                                           /home/yogi/src/osdevlibc/osdevlibc-read-only/libosdevc.a(string.c.o)
strspn                                            /home/yogi/src/osdevlibc/osdevlibc-read-only/libosdevc.a(string.c.o)
strstr                                            /home/yogi/src/osdevlibc/osdevlibc-read-only/libosdevc.a(string.c.o)
strtok                                            /home/yogi/src/osdevlibc/osdevlibc-read-only/libosdevc.a(string.c.o)
timer_handler                                     build/Debug/GNU-Linux-x86/src/host.o
                                                  build/Debug/GNU-Linux-x86/src/isr_wrapper.o
vhost                                             build/Debug/GNU-Linux-x86/src/x86.o
                                                  build/Debug/GNU-Linux-x86/src/utility.o
                                                  build/Debug/GNU-Linux-x86/src/pmode_screen.o
                                                  build/Debug/GNU-Linux-x86/src/pmode.o
                                                  build/Debug/GNU-Linux-x86/src/host.o
                                                  build/Debug/GNU-Linux-x86/src/guest.o
                                                  build/Debug/GNU-Linux-x86/src/0-visor_main.o
vsnprintf                                         /home/yogi/src/osdevlibc/osdevlibc-read-only/libosdevc.a(stdio.c.o)
vsprintf                                          /home/yogi/src/osdevlibc/osdevlibc-read-only/libosdevc.a(stdio.c.o)
vsscanf                                           /home/yogi/src/osdevlibc/osdevlibc-read-only/libosdevc.a(stdio.c.o)
